Component: ARM Compiler 5.06 update 6 (build 750) Tool: armlink [4d35ed]

==============================================================================

Section Cross References

    startup_stm32f407xx.o(RESET) refers to startup_stm32f407xx.o(STACK) for __initial_sp
    startup_stm32f407xx.o(RESET) refers to startup_stm32f407xx.o(.text) for Reset_Handler
    startup_stm32f407xx.o(RESET) refers to stm32f4xx_it.o(i.NMI_Handler) for NMI_Handler
    startup_stm32f407xx.o(RESET) refers to stm32f4xx_it.o(i.HardFault_Handler) for HardFault_Handler
    startup_stm32f407xx.o(RESET) refers to stm32f4xx_it.o(i.MemManage_Handler) for MemManage_Handler
    startup_stm32f407xx.o(RESET) refers to stm32f4xx_it.o(i.BusFault_Handler) for BusFault_Handler
    startup_stm32f407xx.o(RESET) refers to stm32f4xx_it.o(i.UsageFault_Handler) for UsageFault_Handler
    startup_stm32f407xx.o(RESET) refers to port.o(.emb_text) for SVC_Handler
    startup_stm32f407xx.o(RESET) refers to stm32f4xx_it.o(i.DebugMon_Handler) for DebugMon_Handler
    startup_stm32f407xx.o(RESET) refers to port.o(i.SysTick_Handler) for SysTick_Handler
    startup_stm32f407xx.o(RESET) refers to stm32f4xx_it.o(i.TIM1_UP_TIM10_IRQHandler) for TIM1_UP_TIM10_IRQHandler
    startup_stm32f407xx.o(RESET) refers to stm32f4xx_it.o(i.OTG_FS_IRQHandler) for OTG_FS_IRQHandler
    startup_stm32f407xx.o(.text) refers to system_stm32f4xx.o(i.SystemInit) for SystemInit
    startup_stm32f407xx.o(.text) refers to entry.o(.ARM.Collect$$$$00000000) for __main
    main.o(i.HAL_TIM_PeriodElapsedCallback) refers to stm32f4xx_hal.o(i.HAL_IncTick) for HAL_IncTick
    main.o(i.MX_GPIO_Init) refers to memseta.o(.text) for __aeabi_memclr4
    main.o(i.MX_GPIO_Init) refers to stm32f4xx_hal_gpio.o(i.HAL_GPIO_WritePin) for HAL_GPIO_WritePin
    main.o(i.MX_GPIO_Init) refers to stm32f4xx_hal_gpio.o(i.HAL_GPIO_Init) for HAL_GPIO_Init
    main.o(i.StartLED1Task) refers to stm32f4xx_hal_gpio.o(i.HAL_GPIO_WritePin) for HAL_GPIO_WritePin
    main.o(i.StartLED1Task) refers to cmsis_os.o(i.osDelay) for osDelay
    main.o(i.StartLed2) refers to stm32f4xx_hal_gpio.o(i.HAL_GPIO_WritePin) for HAL_GPIO_WritePin
    main.o(i.StartLed2) refers to usbd_customhid.o(i.USBD_CUSTOM_HID_SendReport) for USBD_CUSTOM_HID_SendReport
    main.o(i.StartLed2) refers to cmsis_os.o(i.osDelay) for osDelay
    main.o(i.StartLed2) refers to main.o(.data) for .data
    main.o(i.StartLed2) refers to usb_device.o(.bss) for hUsbDeviceFS
    main.o(i.SystemClock_Config) refers to memseta.o(.text) for __aeabi_memclr4
    main.o(i.SystemClock_Config) refers to stm32f4xx_hal_rcc.o(i.HAL_RCC_OscConfig) for HAL_RCC_OscConfig
    main.o(i.SystemClock_Config) refers to stm32f4xx_hal_rcc.o(i.HAL_RCC_ClockConfig) for HAL_RCC_ClockConfig
    main.o(i.SystemClock_Config) refers to stm32f4xx_hal_rcc.o(i.HAL_RCC_EnableCSS) for HAL_RCC_EnableCSS
    main.o(i.main) refers to stm32f4xx_hal.o(i.HAL_Init) for HAL_Init
    main.o(i.main) refers to main.o(i.SystemClock_Config) for SystemClock_Config
    main.o(i.main) refers to main.o(i.MX_GPIO_Init) for MX_GPIO_Init
    main.o(i.main) refers to usb_device.o(i.MX_USB_DEVICE_Init) for MX_USB_DEVICE_Init
    main.o(i.main) refers to memcpya.o(.text) for __aeabi_memcpy4
    main.o(i.main) refers to cmsis_os.o(i.osThreadCreate) for osThreadCreate
    main.o(i.main) refers to cmsis_os.o(i.osKernelStart) for osKernelStart
    main.o(i.main) refers to main.o(.constdata) for .constdata
    main.o(i.main) refers to main.o(.data) for .data
    main.o(.constdata) refers to main.o(.conststring) for .conststring
    main.o(.constdata) refers to main.o(i.StartLED1Task) for StartLED1Task
    main.o(.constdata) refers to main.o(i.StartLed2) for StartLed2
    freertos.o(i.vApplicationGetIdleTaskMemory) refers to freertos.o(.bss) for .bss
    stm32f4xx_it.o(i.NMI_Handler) refers to stm32f4xx_hal_rcc.o(i.HAL_RCC_NMI_IRQHandler) for HAL_RCC_NMI_IRQHandler
    stm32f4xx_it.o(i.OTG_FS_IRQHandler) refers to stm32f4xx_hal_pcd.o(i.HAL_PCD_IRQHandler) for HAL_PCD_IRQHandler
    stm32f4xx_it.o(i.OTG_FS_IRQHandler) refers to usbd_conf.o(.bss) for hpcd_USB_OTG_FS
    stm32f4xx_it.o(i.TIM1_UP_TIM10_IRQHandler) refers to stm32f4xx_hal_tim.o(i.HAL_TIM_IRQHandler) for HAL_TIM_IRQHandler
    stm32f4xx_it.o(i.TIM1_UP_TIM10_IRQHandler) refers to stm32f4xx_hal_timebase_tim.o(.bss) for htim1
    stm32f4xx_hal_msp.o(i.HAL_MspInit) refers to stm32f4xx_hal_cortex.o(i.HAL_NVIC_SetPriority) for HAL_NVIC_SetPriority
    stm32f4xx_hal_timebase_tim.o(i.HAL_InitTick) refers to stm32f4xx_hal_cortex.o(i.HAL_NVIC_SetPriority) for HAL_NVIC_SetPriority
    stm32f4xx_hal_timebase_tim.o(i.HAL_InitTick) refers to stm32f4xx_hal_cortex.o(i.HAL_NVIC_EnableIRQ) for HAL_NVIC_EnableIRQ
    stm32f4xx_hal_timebase_tim.o(i.HAL_InitTick) refers to stm32f4xx_hal_rcc.o(i.HAL_RCC_GetClockConfig) for HAL_RCC_GetClockConfig
    stm32f4xx_hal_timebase_tim.o(i.HAL_InitTick) refers to stm32f4xx_hal_rcc.o(i.HAL_RCC_GetPCLK2Freq) for HAL_RCC_GetPCLK2Freq
[...]
    i.USBD_CUSTOM_HID_DataOut                0x08001d92   Section        0  usbd_customhid.o(i.USBD_CUSTOM_HID_DataOut)
    USBD_CUSTOM_HID_DataOut                  0x08001d93   Thumb Code    30  usbd_customhid.o(i.USBD_CUSTOM_HID_DataOut)
    i.USBD_CUSTOM_HID_DeInit                 0x08001db0   Section        0  usbd_customhid.o(i.USBD_CUSTOM_HID_DeInit)
    USBD_CUSTOM_HID_DeInit                   0x08001db1   Thumb Code    62  usbd_customhid.o(i.USBD_CUSTOM_HID_DeInit)
    i.USBD_CUSTOM_HID_EP0_RxReady            0x08001dee   Section        0  usbd_customhid.o(i.USBD_CUSTOM_HID_EP0_RxReady)
    USBD_CUSTOM_HID_EP0_RxReady              0x08001def   Thumb Code    42  usbd_customhid.o(i.USBD_CUSTOM_HID_EP0_RxReady)
    i.USBD_CUSTOM_HID_GetDeviceQualifierDesc 0x08001e18   Section        0  usbd_customhid.o(i.USBD_CUSTOM_HID_GetDeviceQualifierDesc)
    USBD_CUSTOM_HID_GetDeviceQualifierDesc   0x08001e19   Thumb Code     8  usbd_customhid.o(i.USBD_CUSTOM_HID_GetDeviceQualifierDesc)
    i.USBD_CUSTOM_HID_GetFSCfgDesc           0x08001e24   Section        0  usbd_customhid.o(i.USBD_CUSTOM_HID_GetFSCfgDesc)
    USBD_CUSTOM_HID_GetFSCfgDesc             0x08001e25   Thumb Code     8  usbd_customhid.o(i.USBD_CUSTOM_HID_GetFSCfgDesc)
    i.USBD_CUSTOM_HID_GetHSCfgDesc           0x08001e30   Section        0  usbd_customhid.o(i.USBD_CUSTOM_HID_GetHSCfgDesc)
    USBD_CUSTOM_HID_GetHSCfgDesc             0x08001e31   Thumb Code     8  usbd_customhid.o(i.USBD_CUSTOM_HID_GetHSCfgDesc)
    i.USBD_CUSTOM_HID_GetOtherSpeedCfgDesc   0x08001e3c   Section        0  usbd_customhid.o(i.USBD_CUSTOM_HID_GetOtherSpeedCfgDesc)
    USBD_CUSTOM_HID_GetOtherSpeedCfgDesc     0x08001e3d   Thumb Code     8  usbd_customhid.o(i.USBD_CUSTOM_HID_GetOtherSpeedCfgDesc)
    i.USBD_CUSTOM_HID_Init                   0x08001e48   Section        0  usbd_customhid.o(i.USBD_CUSTOM_HID_Init)
    USBD_CUSTOM_HID_Init                     0x08001e49   Thumb Code   102  usbd_customhid.o(i.USBD_CUSTOM_HID_Init)
    i.USBD_CUSTOM_HID_ReceivePacket          0x08001eae   Section        0  usbd_customhid.o(i.USBD_CUSTOM_HID_ReceivePacket)
    i.USBD_CUSTOM_HID_RegisterInterface      0x08001ec6   Section        0  usbd_customhid.o(i.USBD_CUSTOM_HID_RegisterInterface)
    i.USBD_CUSTOM_HID_SendReport             0x08001ed4   Section        0  usbd_customhid.o(i.USBD_CUSTOM_HID_SendReport)
    i.USBD_CUSTOM_HID_Setup                  0x08001f08   Section        0  usbd_customhid.o(i.USBD_CUSTOM_HID_Setup)
    USBD_CUSTOM_HID_Setup                    0x08001f09   Thumb Code   234  usbd_customhid.o(i.USBD_CUSTOM_HID_Setup)
    i.USBD_ClrClassConfig                    0x08001ff8   Section        0  usbd_core.o(i.USBD_ClrClassConfig)
    i.USBD_CtlContinueRx                     0x08002008   Section        0  usbd_ioreq.o(i.USBD_CtlContinueRx)
    i.USBD_CtlContinueSendData               0x08002018   Section        0  usbd_ioreq.o(i.USBD_CtlContinueSendData)
    i.USBD_CtlError                          0x08002028   Section        0  usbd_ctlreq.o(i.USBD_CtlError)
    i.USBD_CtlPrepareRx                      0x0800203e   Section        0  usbd_ioreq.o(i.USBD_CtlPrepareRx)
    i.USBD_CtlReceiveStatus                  0x0800205c   Section        0  usbd_ioreq.o(i.USBD_CtlReceiveStatus)
    i.USBD_CtlSendData                       0x08002072   Section        0  usbd_ioreq.o(i.USBD_CtlSendData)
    i.USBD_CtlSendStatus                     0x0800208c   Section        0  usbd_ioreq.o(i.USBD_CtlSendStatus)
    i.USBD_FS_ConfigStrDescriptor            0x080020a4   Section        0  usbd_desc.o(i.USBD_FS_ConfigStrDescriptor)
    i.USBD_FS_DeviceDescriptor               0x080020cc   Section        0  usbd_desc.o(i.USBD_FS_DeviceDescriptor)
    i.USBD_FS_InterfaceStrDescriptor         0x080020d8   Section        0  usbd_desc.o(i.USBD_FS_InterfaceStrDescriptor)
    i.USBD_FS_LangIDStrDescriptor            0x08002104   Section        0  usbd_desc.o(i.USBD_FS_LangIDStrDescriptor)
    i.USBD_FS_ManufacturerStrDescriptor      0x08002110   Section        0  usbd_desc.o(i.USBD_FS_ManufacturerStrDescriptor)
    i.USBD_FS_ProductStrDescriptor           0x08002138   Section        0  usbd_desc.o(i.USBD_FS_ProductStrDescriptor)
    i.USBD_FS_SerialStrDescriptor            0x0800216c   Section        0  usbd_desc.o(i.USBD_FS_SerialStrDescriptor)
    i.USBD_GetDescriptor                     0x080021a4   Section        0  usbd_ctlreq.o(i.USBD_GetDescriptor)
    USBD_GetDescriptor                       0x080021a5   Thumb Code   230  usbd_ctlreq.o(i.USBD_GetDescriptor)
    i.USBD_GetString                         0x0800228a   Section        0  usbd_ctlreq.o(i.USBD_GetString)
    i.USBD_Get_USB_Status                    0x080022d2   Section        0  usbd_conf.o(i.USBD_Get_USB_Status)
    i.USBD_Init                              0x080022ea   Section        0  usbd_core.o(i.USBD_Init)
    i.USBD_LL_ClearStallEP                   0x08002310   Section        0  usbd_conf.o(i.USBD_LL_ClearStallEP)
    i.USBD_LL_CloseEP                        0x08002322   Section        0  usbd_conf.o(i.USBD_LL_CloseEP)
    i.USBD_LL_DataInStage                    0x08002334   Section        0  usbd_core.o(i.USBD_LL_DataInStage)
    i.USBD_LL_DataOutStage                   0x080023dc   Section        0  usbd_core.o(i.USBD_LL_DataOutStage)
    i.USBD_LL_DevConnected                   0x08002448   Section        0  usbd_core.o(i.USBD_LL_DevConnected)
    i.USBD_LL_DevDisconnected                0x0800244c   Section        0  usbd_core.o(i.USBD_LL_DevDisconnected)
    i.USBD_LL_Init                           0x08002464   Section        0  usbd_conf.o(i.USBD_LL_Init)
    i.USBD_LL_IsStallEP                      0x080024c4   Section        0  usbd_conf.o(i.USBD_LL_IsStallEP)
    i.USBD_LL_IsoINIncomplete                0x080024e4   Section        0  usbd_core.o(i.USBD_LL_IsoINIncomplete)
    i.USBD_LL_IsoOUTIncomplete               0x08002504   Section        0  usbd_core.o(i.USBD_LL_IsoOUTIncomplete)
    i.USBD_LL_OpenEP                         0x08002524   Section        0  usbd_conf.o(i.USBD_LL_OpenEP)
    i.USBD_LL_PrepareReceive                 0x0800253c   Section        0  usbd_conf.o(i.USBD_LL_PrepareReceive)
    i.USBD_LL_Reset                          0x0800254e   Section        0  usbd_core.o(i.USBD_LL_Reset)
    i.USBD_LL_Resume                         0x080025a8   Section        0  usbd_core.o(i.USBD_LL_Resume)
    i.USBD_LL_SOF                            0x080025bc   Section        0  usbd_core.o(i.USBD_LL_SOF)
    i.USBD_LL_SetSpeed                       0x080025dc   Section        0  usbd_core.o(i.USBD_LL_SetSpeed)
    i.USBD_LL_SetUSBAddress                  0x080025e2   Section        0  usbd_conf.o(i.USBD_LL_SetUSBAddress)
    i.USBD_LL_SetupStage                     0x080025f4   Section        0  usbd_core.o(i.USBD_LL_SetupStage)
    i.USBD_LL_StallEP                        0x08002654   Section        0  usbd_conf.o(i.USBD_LL_StallEP)
    i.USBD_LL_Start                          0x08002666   Section        0  usbd_conf.o(i.USBD_LL_Start)
    i.USBD_LL_Suspend                        0x08002678   Section        0  usbd_core.o(i.USBD_LL_Suspend)
    i.USBD_LL_Transmit                       0x0800268a   Section        0  usbd_conf.o(i.USBD_LL_Transmit)
    i.USBD_ParseSetupRequest                 0x0800269c   Section        0  usbd_ctlreq.o(i.USBD_ParseSetupRequest)
    i.USBD_RegisterClass                     0x080026c8   Section        0  usbd_core.o(i.USBD_RegisterClass)
    i.USBD_SetClassConfig                    0x080026ec   Section        0  usbd_core.o(i.USBD_SetClassConfig)
    i.USBD_SetConfig                         0x08002700   Section        0  usbd_ctlreq.o(i.USBD_SetConfig)
    USBD_SetConfig                           0x08002701   Thumb Code   182  usbd_ctlreq.o(i.USBD_SetConfig)
    i.USBD_Start                             0x080027bc   Section        0  usbd_core.o(i.USBD_Start)
    i.USBD_StdDevReq                         0x080027c0   Section        0  usbd_ctlreq.o(i.USBD_StdDevReq)
    i.USBD_StdEPReq                          0x080028d4   Section        0  usbd_ctlreq.o(i.USBD_StdEPReq)
    i.USBD_StdItfReq                         0x08002a14   Section        0  usbd_ctlreq.o(i.USBD_StdItfReq)
    i.USBD_static_free                       0x08002a66   Section        0  usbd_conf.o(i.USBD_static_free)
    i.USBD_static_malloc                     0x08002a68   Section        0  usbd_conf.o(i.USBD_static_malloc)
    i.USB_ActivateEndpoint                   0x08002a70   Section        0  stm32f4xx_ll_usb.o(i.USB_ActivateEndpoint)
    i.USB_ActivateSetup                      0x08002af0   Section        0  stm32f4xx_ll_usb.o(i.USB_ActivateSetup)
    i.USB_CoreInit                           0x08002b0c   Section        0  stm32f4xx_ll_usb.o(i.USB_CoreInit)
    i.USB_CoreReset                          0x08002b80   Section        0  stm32f4xx_ll_usb.o(i.USB_CoreReset)
    USB_CoreReset                            0x08002b81   Thumb Code    50  stm32f4xx_ll_usb.o(i.USB_CoreReset)
    i.USB_DeactivateEndpoint                 0x08002bb8   Section        0  stm32f4xx_ll_usb.o(i.USB_DeactivateEndpoint)
    i.USB_DevConnect                         0x08002c84   Section        0  stm32f4xx_ll_usb.o(i.USB_DevConnect)
    i.USB_DevDisconnect                      0x08002ca0   Section        0  stm32f4xx_ll_usb.o(i.USB_DevDisconnect)
    i.USB_DevInit                            0x08002cbc   Section        0  stm32f4xx_ll_usb.o(i.USB_DevInit)
    i.USB_DisableGlobalInt                   0x08002e30   Section        0  stm32f4xx_ll_usb.o(i.USB_DisableGlobalInt)
    i.USB_EP0StartXfer                       0x08002e3c   Section        0  stm32f4xx_ll_usb.o(i.USB_EP0StartXfer)
    i.USB_EP0_OutStart                       0x08002f54   Section        0  stm32f4xx_ll_usb.o(i.USB_EP0_OutStart)
    i.USB_EPClearStall                       0x08002fac   Section        0  stm32f4xx_ll_usb.o(i.USB_EPClearStall)
    i.USB_EPSetStall                         0x08003004   Section        0  stm32f4xx_ll_usb.o(i.USB_EPSetStall)
    i.USB_EPStartXfer                        0x0800305c   Section        0  stm32f4xx_ll_usb.o(i.USB_EPStartXfer)
    i.USB_EnableGlobalInt                    0x08003244   Section        0  stm32f4xx_ll_usb.o(i.USB_EnableGlobalInt)
    i.USB_FlushRxFifo                        0x08003250   Section        0  stm32f4xx_ll_usb.o(i.USB_FlushRxFifo)
    i.USB_FlushTxFifo                        0x08003270   Section        0  stm32f4xx_ll_usb.o(i.USB_FlushTxFifo)
    i.USB_GetDevSpeed                        0x08003294   Section        0  stm32f4xx_ll_usb.o(i.USB_GetDevSpeed)
    i.USB_GetMode                            0x080032ae   Section        0  stm32f4xx_ll_usb.o(i.USB_GetMode)
    i.USB_ReadDevAllInEpInterrupt            0x080032b6   Section        0  stm32f4xx_ll_usb.o(i.USB_ReadDevAllInEpInterrupt)
    i.USB_ReadDevAllOutEpInterrupt           0x080032c4   Section        0  stm32f4xx_ll_usb.o(i.USB_ReadDevAllOutEpInterrupt)
    i.USB_ReadDevInEPInterrupt               0x080032d2   Section        0  stm32f4xx_ll_usb.o(i.USB_ReadDevInEPInterrupt)
    i.USB_ReadDevOutEPInterrupt              0x080032f6   Section        0  stm32f4xx_ll_usb.o(i.USB_ReadDevOutEPInterrupt)
    i.USB_ReadInterrupts                     0x08003306   Section        0  stm32f4xx_ll_usb.o(i.USB_ReadInterrupts)
    i.USB_ReadPacket                         0x0800330e   Section        0  stm32f4xx_ll_usb.o(i.USB_ReadPacket)
    i.USB_SetCurrentMode                     0x0800332a   Section        0  stm32f4xx_ll_usb.o(i.USB_SetCurrentMode)
    i.USB_SetDevAddress                      0x08003358   Section        0  stm32f4xx_ll_usb.o(i.USB_SetDevAddress)
    i.USB_SetTurnaroundTime                  0x0800337c   Section        0  stm32f4xx_ll_usb.o(i.USB_SetTurnaroundTime)
    i.USB_WritePacket                        0x08003464   Section        0  stm32f4xx_ll_usb.o(i.USB_WritePacket)
    i.UsageFault_Handler                     0x08003488   Section        0  stm32f4xx_it.o(i.UsageFault_Handler)
    i.__NVIC_SetPriority                     0x0800348a   Section        0  stm32f4xx_hal_cortex.o(i.__NVIC_SetPriority)
    __NVIC_SetPriority                       0x0800348b   Thumb Code    32  stm32f4xx_hal_cortex.o(i.__NVIC_SetPriority)
    i.__scatterload_copy                     0x080034aa   Section       14  handlers.o(i.__scatterload_copy)
    i.__scatterload_null                     0x080034b8   Section        2  handlers.o(i.__scatterload_null)
    i.__scatterload_zeroinit                 0x080034ba   Section       14  handlers.o(i.__scatterload_zeroinit)
    i.main                                   0x080034c8   Section        0  main.o(i.main)
    i.makeFreeRtosPriority                   0x08003514   Section        0  cmsis_os.o(i.makeFreeRtosPriority)
    makeFreeRtosPriority                     0x08003515   Thumb Code    12  cmsis_os.o(i.makeFreeRtosPriority)
    i.osDelay                                0x08003520   Section        0  cmsis_os.o(i.osDelay)
    i.osKernelStart                          0x08003530   Section        0  cmsis_os.o(i.osKernelStart)
    i.osThreadCreate                         0x0800353a   Section        0  cmsis_os.o(i.osThreadCreate)
    i.prvAddCurrentTaskToDelayedList         0x08003598   Section        0  tasks.o(i.prvAddCurrentTaskToDelayedList)
    prvAddCurrentTaskToDelayedList           0x08003599   Thumb Code   110  tasks.o(i.prvAddCurrentTaskToDelayedList)
    i.prvAddNewTaskToReadyList               0x08003610   Section        0  tasks.o(i.prvAddNewTaskToReadyList)
    prvAddNewTaskToReadyList                 0x08003611   Thumb Code   124  tasks.o(i.prvAddNewTaskToReadyList)
    i.prvCheckTasksWaitingTermination        0x08003698   Section        0  tasks.o(i.prvCheckTasksWaitingTermination)
    prvCheckTasksWaitingTermination          0x08003699   Thumb Code    56  tasks.o(i.prvCheckTasksWaitingTermination)
    i.prvDeleteTCB                           0x080036d8   Section        0  tasks.o(i.prvDeleteTCB)
    prvDeleteTCB                             0x080036d9   Thumb Code    64  tasks.o(i.prvDeleteTCB)
    i.prvHeapInit                            0x08003718   Section        0  heap_4.o(i.prvHeapInit)
    prvHeapInit                              0x08003719   Thumb Code    70  heap_4.o(i.prvHeapInit)
    i.prvIdleTask                            0x08003768   Section        0  tasks.o(i.prvIdleTask)
    prvIdleTask                              0x08003769   Thumb Code    30  tasks.o(i.prvIdleTask)
    i.prvInitialiseNewTask                   0x08003790   Section        0  tasks.o(i.prvInitialiseNewTask)
    prvInitialiseNewTask                     0x08003791   Thumb Code   126  tasks.o(i.prvInitialiseNewTask)
    i.prvInitialiseTaskLists                 0x08003810   Section        0  tasks.o(i.prvInitialiseTaskLists)
    prvInitialiseTaskLists                   0x08003811   Thumb Code    66  tasks.o(i.prvInitialiseTaskLists)
    i.prvInsertBlockIntoFreeList             0x08003870   Section        0  heap_4.o(i.prvInsertBlockIntoFreeList)
    prvInsertBlockIntoFreeList               0x08003871   Thumb Code    84  heap_4.o(i.prvInsertBlockIntoFreeList)
    i.prvResetNextTaskUnblockTime            0x080038cc   Section        0  tasks.o(i.prvResetNextTaskUnblockTime)
    prvResetNextTaskUnblockTime              0x080038cd   Thumb Code    30  tasks.o(i.prvResetNextTaskUnblockTime)
    i.prvTaskExitError                       0x080038f0   Section        0  port.o(i.prvTaskExitError)
    prvTaskExitError                         0x080038f1   Thumb Code    42  port.o(i.prvTaskExitError)
    i.pvPortMalloc                           0x08003920   Section        0  heap_4.o(i.pvPortMalloc)
    i.pxPortInitialiseStack                  0x08003a08   Section        0  port.o(i.pxPortInitialiseStack)
    i.uxListRemove                           0x08003a34   Section        0  list.o(i.uxListRemove)
    i.vApplicationGetIdleTaskMemory          0x08003a5c   Section        0  freertos.o(i.vApplicationGetIdleTaskMemory)
    i.vListInitialise                        0x08003a70   Section        0  list.o(i.vListInitialise)
    i.vListInitialiseItem                    0x08003a86   Section        0  list.o(i.vListInitialiseItem)
    i.vListInsert                            0x08003a8c   Section        0  list.o(i.vListInsert)
    i.vListInsertEnd                         0x08003ac2   Section        0  list.o(i.vListInsertEnd)
    i.vPortEnterCritical                     0x08003adc   Section        0  port.o(i.vPortEnterCritical)
    i.vPortExitCritical                      0x08003b1c   Section        0  port.o(i.vPortExitCritical)
    i.vPortFree                              0x08003b48   Section        0  heap_4.o(i.vPortFree)
    i.vPortSetupTimerInterrupt               0x08003bac   Section        0  port.o(i.vPortSetupTimerInterrupt)
    i.vTaskDelay                             0x08003bd0   Section        0  tasks.o(i.vTaskDelay)
    i.vTaskStartScheduler                    0x08003c20   Section        0  tasks.o(i.vTaskStartScheduler)
    i.vTaskSuspendAll                        0x08003ca8   Section        0  tasks.o(i.vTaskSuspendAll)
    i.vTaskSwitchContext                     0x08003cb8   Section        0  tasks.o(i.vTaskSwitchContext)
    i.xPortStartScheduler                    0x08003d18   Section        0  port.o(i.xPortStartScheduler)
    i.xTaskCreate                            0x08003e1c   Section        0  tasks.o(i.xTaskCreate)
    i.xTaskCreateStatic                      0x08003e88   Section        0  tasks.o(i.xTaskCreateStatic)
    i.xTaskIncrementTick                     0x08003ee8   Section        0  tasks.o(i.xTaskIncrementTick)
    i.xTaskResumeAll                         0x08003fbc   Section        0  tasks.o(i.xTaskResumeAll)
    .constdata                               0x08004088   Section       56  main.o(.constdata)
    .constdata                               0x080040c0   Section       16  system_stm32f4xx.o(.constdata)
    .constdata                               0x080040d0   Section        8  system_stm32f4xx.o(.constdata)
    .conststring                             0x080040d8   Section       21  main.o(.conststring)
    .data                                    0x20000000   Section       72  main.o(.data)
    .data                                    0x20000048   Section       28  usbd_desc.o(.data)
    .data                                    0x20000064   Section       50  usbd_desc.o(.data)
    .data                                    0x20000098   Section       34  usbd_custom_hid_if.o(.data)
    CUSTOM_HID_ReportDesc_FS                 0x20000098   Data          34  usbd_custom_hid_if.o(.data)
    .data                                    0x200000bc   Section       16  usbd_custom_hid_if.o(.data)
    .data                                    0x200000cc   Section       12  stm32f4xx_hal.o(.data)
    .data                                    0x200000d8   Section        4  system_stm32f4xx.o(.data)
    .data                                    0x200000dc   Section        1  usbd_ctlreq.o(.data)
    cfgidx                                   0x200000dc   Data           1  usbd_ctlreq.o(.data)
    .data                                    0x200000e0   Section       56  usbd_customhid.o(.data)
    .data                                    0x20000118   Section      154  usbd_customhid.o(.data)
    USBD_CUSTOM_HID_CfgFSDesc                0x20000118   Data          41  usbd_customhid.o(.data)
    USBD_CUSTOM_HID_CfgHSDesc                0x20000144   Data          41  usbd_customhid.o(.data)
    USBD_CUSTOM_HID_OtherSpeedCfgDesc        0x20000170   Data          41  usbd_customhid.o(.data)
    USBD_CUSTOM_HID_Desc                     0x2000019c   Data           9  usbd_customhid.o(.data)
    USBD_CUSTOM_HID_DeviceQualifierDesc      0x200001a8   Data          10  usbd_customhid.o(.data)
    .data                                    0x200001b4   Section       60  tasks.o(.data)
    uxDeletedTasksWaitingCleanUp             0x200001b8   Data           4  tasks.o(.data)
    uxCurrentNumberOfTasks                   0x200001bc   Data           4  tasks.o(.data)
    xTickCount                               0x200001c0   Data           4  tasks.o(.data)
    uxTopReadyPriority                       0x200001c4   Data           4  tasks.o(.data)
    xSchedulerRunning                        0x200001c8   Data           4  tasks.o(.data)
    xPendedTicks                             0x200001cc   Data           4  tasks.o(.data)
    xYieldPending                            0x200001d0   Data           4  tasks.o(.data)
    xNumOfOverflows                          0x200001d4   Data           4  tasks.o(.data)
    uxTaskNumber                             0x200001d8   Data           4  tasks.o(.data)
    xNextTaskUnblockTime                     0x200001dc   Data           4  tasks.o(.data)
    xIdleTaskHandle                          0x200001e0   Data           4  tasks.o(.data)
    uxSchedulerSuspended                     0x200001e4   Data           4  tasks.o(.data)
    pxDelayedTaskList                        0x200001e8   Data           4  tasks.o(.data)
    pxOverflowDelayedTaskList                0x200001ec   Data           4  tasks.o(.data)
    .data                                    0x200001f0   Section       32  heap_4.o(.data)
    pxEnd                                    0x200001f0   Data           4  heap_4.o(.data)
    xFreeBytesRemaining                      0x200001f4   Data           4  heap_4.o(.data)
    xMinimumEverFreeBytesRemaining           0x200001f8   Data           4  heap_4.o(.data)
    xNumberOfSuccessfulAllocations           0x200001fc   Data           4  heap_4.o(.data)
    xNumberOfSuccessfulFrees                 0x20000200   Data           4  heap_4.o(.data)
    xBlockAllocatedBit                       0x20000204   Data           4  heap_4.o(.data)
    xStart                                   0x20000208   Data           8  heap_4.o(.data)
    .data                                    0x20000210   Section       12  port.o(.data)
    ucMaxSysCallPriority                     0x20000210   Data           1  port.o(.data)
    uxCriticalNesting                        0x20000214   Data           4  port.o(.data)
    ulMaxPRIGROUPValue                       0x20000218   Data           4  port.o(.data)
    .bss                                     0x2000021c   Section      596  freertos.o(.bss)
    xIdleTaskTCBBuffer                       0x2000021c   Data          84  freertos.o(.bss)
    xIdleStack                               0x20000270   Data         512  freertos.o(.bss)
    .bss                                     0x20000470   Section       72  stm32f4xx_hal_timebase_tim.o(.bss)
    .bss                                     0x200004b8   Section      720  usb_device.o(.bss)
    .bss                                     0x20000788   Section      512  usbd_desc.o(.bss)
    .bss                                     0x20000988   Section     1120  usbd_conf.o(.bss)
    mem                                      0x20000988   Data          88  usbd_conf.o(.bss)
    .bss                                     0x20000de8   Section      240  tasks.o(.bss)
    pxReadyTasksLists                        0x20000de8   Data         140  tasks.o(.bss)
    xDelayedTaskList1                        0x20000e74   Data          20  tasks.o(.bss)
    xDelayedTaskList2                        0x20000e88   Data          20  tasks.o(.bss)
    xPendingReadyList                        0x20000e9c   Data          20  tasks.o(.bss)
    xTasksWaitingTermination                 0x20000eb0   Data          20  tasks.o(.bss)
    xSuspendedTaskList                       0x20000ec4   Data          20  tasks.o(.bss)
    .bss                                     0x20000ed8   Section    15360  heap_4.o(.bss)
    ucHeap                                   0x20000ed8   Data       15360  heap_4.o(.bss)
    STACK                                    0x20004ad8   Section     2048  startup_stm32f407xx.o(STACK)

    Global Symbols

    Symbol Name                              Value     Ov Type        Size  Object(Section)

    BuildAttributes$$THM_ISAv4$E$P$D$K$B$S$7EM$VFPi3$EXTD16$VFPS$VFMA$PE$A:L22UL41UL21$X:L11$S22US41US21$IEEE1$IW$USESV6$~STKCKD$USESV7$~SHL$OTIME$EBA8$MICROLIB$REQ8$PRES8$EABIv2 0x00000000   Number         0  anon$$obj.o ABSOLUTE
    __ARM_use_no_argv                        0x00000000   Number         0  main.o ABSOLUTE
    __cpp_initialize__aeabi_                  - Undefined Weak Reference
    __cxa_finalize                            - Undefined Weak Reference
    _clock_init                               - Undefined Weak Reference
    _microlib_exit                            - Undefined Weak Reference
    __Vectors_Size                           0x00000188   Number         0  startup_stm32f407xx.o ABSOLUTE
    __Vectors                                0x08000000   Data           4  startup_stm32f407xx.o(RESET)
    __Vectors_End                            0x08000188   Data           0  startup_stm32f407xx.o(RESET)
    __main                                   0x08000189   Thumb Code     0  entry.o(.ARM.Collect$$$$00000000)
    _main_stk                                0x08000189   Thumb Code     0  entry2.o(.ARM.Collect$$$$00000001)
    _main_scatterload                        0x0800018d   Thumb Code     0  entry5.o(.ARM.Collect$$$$00000004)
    __main_after_scatterload                 0x08000191   Thumb Code     0  entry5.o(.ARM.Collect$$$$00000004)
    _main_clock                              0x08000191   Thumb Code     0  entry7b.o(.ARM.Collect$$$$00000008)
    _main_cpp_init                           0x08000191   Thumb Code     0  entry8b.o(.ARM.Collect$$$$0000000A)
    _main_init                               0x08000191   Thumb Code     0  entry9a.o(.ARM.Collect$$$$0000000B)
    __rt_final_cpp                           0x08000199   Thumb Code     0  entry10a.o(.ARM.Collect$$$$0000000D)
    __rt_final_exit                          0x08000199   Thumb Code     0  entry11a.o(.ARM.Collect$$$$0000000F)
    SVC_Handler                              0x0800019d   Thumb Code    28  port.o(.emb_text)
    __asm___6_port_c_39a90d8d__prvStartFirstTask 0x080001bd   Thumb Code    36  port.o(.emb_text)
    __asm___6_port_c_39a90d8d__prvEnableVFP  0x080001e5   Thumb Code    16  port.o(.emb_text)
    PendSV_Handler                           0x080001f9   Thumb Code    88  port.o(.emb_text)
    vPortGetIPSR                             0x08000255   Thumb Code     6  port.o(.emb_text)
    Reset_Handler                            0x0800025d   Thumb Code     8  startup_stm32f407xx.o(.text)
    ADC_IRQHandler                           0x08000277   Thumb Code     0  startup_stm32f407xx.o(.text)
    CAN1_RX0_IRQHandler                      0x08000277   Thumb Code     0  startup_stm32f407xx.o(.text)
    CAN1_RX1_IRQHandler                      0x08000277   Thumb Code     0  startup_stm32f407xx.o(.text)
    CAN1_SCE_IRQHandler                      0x08000277   Thumb Code     0  startup_stm32f407xx.o(.text)
    CAN1_TX_IRQHandler                       0x08000277   Thumb Code     0  startup_stm32f407xx.o(.text)
    CAN2_RX0_IRQHandler                      0x08000277   Thumb Code     0  startup_stm32f407xx.o(.text)
    CAN2_RX1_IRQHandler                      0x08000277   Thumb Code     0  startup_stm32f407xx.o(.text)
    CAN2_SCE_IRQHandler                      0x08000277   Thumb Code     0  startup_stm32f407xx.o(.text)
    CAN2_TX_IRQHandler                       0x08000277   Thumb Code     0  startup_stm32f407xx.o(.text)
    DCMI_IRQHandler                          0x08000277   Thumb Code     0  startup_stm32f407xx.o(.text)
    DMA1_Stream0_IRQHandler                  0x08000277   Thumb Code     0  startup_stm32f407xx.o(.text)
    DMA1_Stream1_IRQHandler                  0x08000277   Thumb Code     0  startup_stm32f407xx.o(.text)
    DMA1_Stream2_IRQHandler                  0x08000277   Thumb Code     0  startup_stm32f407xx.o(.text)
    DMA1_Stream3_IRQHandler                  0x08000277   Thumb Code     0  startup_stm32f407xx.o(.text)
    DMA1_Stream4_IRQHandler                  0x08000277   Thumb Code     0  startup_stm32f407xx.o(.text)
    DMA1_Stream5_IRQHandler                  0x08000277   Thumb Code     0  startup_stm32f407xx.o(.text)
    DMA1_Stream6_IRQHandler                  0x08000277   Thumb Code     0  startup_stm32f407xx.o(.text)
    DMA1_Stream7_IRQHandler                  0x08000277   Thumb Code     0  startup_stm32f407xx.o(.text)
    DMA2_Stream0_IRQHandler                  0x08000277   Thumb Code     0  startup_stm32f407xx.o(.text)
    DMA2_Stream1_IRQHandler                  0x08000277   Thumb Code     0  startup_stm32f407xx.o(.text)
    DMA2_Stream2_IRQHandler                  0x08000277   Thumb Code     0  startup_stm32f407xx.o(.text)
    DMA2_Stream3_IRQHandler                  0x08000277   Thumb Code     0  startup_stm32f407xx.o(.text)
    DMA2_Stream4_IRQHandler                  0x08000277   Thumb Code     0  startup_stm32f407xx.o(.text)
    DMA2_Stream5_IRQHandler                  0x08000277   Thumb Code     0  startup_stm32f407xx.o(.text)
    DMA2_Stream6_IRQHandler                  0x08000277   Thumb Code     0  startup_stm32f407xx.o(.text)
    DMA2_Stream7_IRQHandler                  0x08000277   Thumb Code     0  startup_stm32f407xx.o(.text)
    ETH_IRQHandler                           0x08000277   Thumb Code     0  startup_stm32f407xx.o(.text)
    ETH_WKUP_IRQHandler                      0x08000277   Thumb Code     0  startup_stm32f407xx.o(.text)
    EXTI0_IRQHandler                         0x08000277   Thumb Code     0  startup_stm32f407xx.o(.text)
    EXTI15_10_IRQHandler                     0x08000277   Thumb Code     0  startup_stm32f407xx.o(.text)
    EXTI1_IRQHandler                         0x08000277   Thumb Code     0  startup_stm32f407xx.o(.text)
    EXTI2_IRQHandler                         0x08000277   Thumb Code     0  startup_stm32f407xx.o(.text)
    EXTI3_IRQHandler                         0x08000277   Thumb Code     0  startup_stm32f407xx.o(.text)
    EXTI4_IRQHandler                         0x08000277   Thumb Code     0  startup_stm32f407xx.o(.text)
    EXTI9_5_IRQHandler                       0x08000277   Thumb Code     0  startup_stm32f407xx.o(.text)
    FLASH_IRQHandler                         0x08000277   Thumb Code     0  startup_stm32f407xx.o(.text)
    FMC_IRQHandler                           0x08000277   Thumb Code     0  startup_stm32f407xx.o(.text)
    FPU_IRQHandler                           0x08000277   Thumb Code     0  startup_stm32f407xx.o(.text)
    HASH_RNG_IRQHandler                      0x08000277   Thumb Code     0  startup_stm32f407xx.o(.text)
    I2C1_ER_IRQHandler                       0x08000277   Thumb Code     0  startup_stm32f407xx.o(.text)
    I2C1_EV_IRQHandler                       0x08000277   Thumb Code     0  startup_stm32f407xx.o(.text)
    I2C2_ER_IRQHandler                       0x08000277   Thumb Code     0  startup_stm32f407xx.o(.text)
    I2C2_EV_IRQHandler                       0x08000277   Thumb Code     0  startup_stm32f407xx.o(.text)
    I2C3_ER_IRQHandler                       0x08000277   Thumb Code     0  startup_stm32f407xx.o(.text)
    I2C3_EV_IRQHandler                       0x08000277   Thumb Code     0  startup_stm32f407xx.o(.text)
    OTG_FS_WKUP_IRQHandler                   0x08000277   Thumb Code     0  startup_stm32f407xx.o(.text)
    OTG_HS_EP1_IN_IRQHandler                 0x08000277   Thumb Code     0  startup_stm32f407xx.o(.text)
    OTG_HS_EP1_OUT_IRQHandler                0x08000277   Thumb Code     0  startup_stm32f407xx.o(.text)
    OTG_HS_IRQHandler                        0x08000277   Thumb Code     0  startup_stm32f407xx.o(.text)
    OTG_HS_WKUP_IRQHandler                   0x08000277   Thumb Code     0  startup_stm32f407xx.o(.text)
    PVD_IRQHandler                           0x08000277   Thumb Code     0  startup_stm32f407xx.o(.text)
    RCC_IRQHandler                           0x08000277   Thumb Code     0  startup_stm32f407xx.o(.text)
    RTC_Alarm_IRQHandler                     0x08000277   Thumb Code     0  startup_stm32f407xx.o(.text)
    RTC_WKUP_IRQHandler                      0x08000277   Thumb Code     0  startup_stm32f407xx.o(.text)
    SDIO_IRQHandler                          0x08000277   Thumb Code     0  startup_stm32f407xx.o(.text)
    SPI1_IRQHandler                          0x08000277   Thumb Code     0  startup_stm32f407xx.o(.text)
    SPI2_IRQHandler                          0x08000277   Thumb Code     0  startup_stm32f407xx.o(.text)
    SPI3_IRQHandler                          0x08000277   Thumb Code     0  startup_stm32f407xx.o(.text)
    TAMP_STAMP_IRQHandler                    0x08000277   Thumb Code     0  startup_stm32f407xx.o(.text)
    TIM1_BRK_TIM9_IRQHandler                 0x08000277   Thumb Code     0  startup_stm32f407xx.o(.text)
    TIM1_CC_IRQHandler                       0x08000277   Thumb Code     0  startup_stm32f407xx.o(.text)
    TIM1_TRG_COM_TIM11_IRQHandler            0x08000277   Thumb Code     0  startup_stm32f407xx.o(.text)
    TIM2_IRQHandler                          0x08000277   Thumb Code     0  startup_stm32f407xx.o(.text)
    TIM3_IRQHandler                          0x08000277   Thumb Code     0  startup_stm32f407xx.o(.text)
    TIM4_IRQHandler                          0x08000277   Thumb Code     0  startup_stm32f407xx.o(.text)
    TIM5_IRQHandler                          0x08000277   Thumb Code     0  startup_stm32f407xx.o(.text)
    TIM6_DAC_IRQHandler                      0x08000277   Thumb Code     0  startup_stm32f407xx.o(.text)
    TIM7_IRQHandler                          0x08000277   Thumb Code     0  startup_stm32f407xx.o(.text)
    TIM8_BRK_TIM12_IRQHandler                0x08000277   Thumb Code     0  startup_stm32f407xx.o(.text)
    TIM8_CC_IRQHandler                       0x08000277   Thumb Code     0  startup_stm32f407xx.o(.text)
    TIM8_TRG_COM_TIM14_IRQHandler            0x08000277   Thumb Code     0  startup_stm32f407xx.o(.text)
    TIM8_UP_TIM13_IRQHandler                 0x08000277   Thumb Code     0  startup_stm32f407xx.o(.text)
    UART4_IRQHandler                         0x08000277   Thumb Code     0  startup_stm32f407xx.o(.text)
    UART5_IRQHandler                         0x08000277   Thumb Code     0  startup_stm32f407xx.o(.text)
    USART1_IRQHandler                        0x08000277   Thumb Code     0  startup_stm32f407xx.o(.text)
    USART2_IRQHandler                        0x08000277   Thumb Code     0  startup_stm32f407xx.o(.text)
    USART3_IRQHandler                        0x08000277   Thumb Code     0  startup_stm32f407xx.o(.text)
    USART6_IRQHandler                        0x08000277   Thumb Code     0  startup_stm32f407xx.o(.text)
    WWDG_IRQHandler                          0x08000277   Thumb Code     0  startup_stm32f407xx.o(.text)
    __aeabi_uldivmod                         0x08000281   Thumb Code    98  uldiv.o(.text)
    __aeabi_memcpy                           0x080002e3   Thumb Code    36  memcpya.o(.text)
    __aeabi_memcpy4                          0x080002e3   Thumb Code     0  memcpya.o(.text)
    __aeabi_memcpy8                          0x080002e3   Thumb Code     0  memcpya.o(.text)
    __aeabi_memset                           0x08000307   Thumb Code    14  memseta.o(.text)
    __aeabi_memset4                          0x08000307   Thumb Code     0  memseta.o(.text)
    __aeabi_memset8                          0x08000307   Thumb Code     0  memseta.o(.text)
    __aeabi_memclr                           0x08000315   Thumb Code     4  memseta.o(.text)
    __aeabi_memclr4                          0x08000315   Thumb Code     0  memseta.o(.text)
    __aeabi_memclr8                          0x08000315   Thumb Code     0  memseta.o(.text)
    memset                                   0x08000319   Thumb Code    18  memseta.o(.text)
    __aeabi_llsl                             0x0800032b   Thumb Code    30  llshl.o(.text)
    _ll_shift_l                              0x0800032b   Thumb Code     0  llshl.o(.text)
    __aeabi_llsr                             0x08000349   Thumb Code    32  llushr.o(.text)
    _ll_ushift_r                             0x08000349   Thumb Code     0  llushr.o(.text)
    __scatterload                            0x08000369   Thumb Code    28  init.o(.text)
    __scatterload_rt2                        0x08000369   Thumb Code     0  init.o(.text)
    __decompress                             0x0800038d   Thumb Code     0  __dczerorl2.o(.text)
    __decompress1                            0x0800038d   Thumb Code    86  __dczerorl2.o(.text)
    BusFault_Handler                         0x080003e3   Thumb Code     2  stm32f4xx_it.o(i.BusFault_Handler)
    DebugMon_Handler                         0x080003fd   Thumb Code     2  stm32f4xx_it.o(i.DebugMon_Handler)
    Error_Handler                            0x080003ff   Thumb Code     4  main.o(i.Error_Handler)
    HAL_Delay                                0x08000405   Thumb Code    32  stm32f4xx_hal.o(i.HAL_Delay)
    HAL_GPIO_Init                            0x08000429   Thumb Code   448  stm32f4xx_hal_gpio.o(i.HAL_GPIO_Init)
    HAL_GPIO_WritePin                        0x08000615   Thumb Code    10  stm32f4xx_hal_gpio.o(i.HAL_GPIO_WritePin)
    HAL_GetTick                              0x08000621   Thumb Code     6  stm32f4xx_hal.o(i.HAL_GetTick)
    HAL_IncTick                              0x0800062d   Thumb Code    12  stm32f4xx_hal.o(i.HAL_IncTick)
    HAL_Init                                 0x0800063d   Thumb Code    48  stm32f4xx_hal.o(i.HAL_Init)
    HAL_InitTick                             0x08000671   Thumb Code   100  stm32f4xx_hal_timebase_tim.o(i.HAL_InitTick)
    HAL_MspInit                              0x080006e5   Thumb Code    52  stm32f4xx_hal_msp.o(i.HAL_MspInit)
    HAL_NVIC_EnableIRQ                       0x0800071d   Thumb Code    26  stm32f4xx_hal_cortex.o(i.HAL_NVIC_EnableIRQ)
    HAL_NVIC_SetPriority                     0x08000739   Thumb Code    60  stm32f4xx_hal_cortex.o(i.HAL_NVIC_SetPriority)
    HAL_NVIC_SetPriorityGrouping             0x08000779   Thumb Code    26  stm32f4xx_hal_cortex.o(i.HAL_NVIC_SetPriorityGrouping)
    HAL_PCDEx_LPM_Callback                   0x0800079d   Thumb Code     2  stm32f4xx_hal_pcd_ex.o(i.HAL_PCDEx_LPM_Callback)
    HAL_PCDEx_SetRxFiFo                      0x0800079f   Thumb Code     8  stm32f4xx_hal_pcd_ex.o(i.HAL_PCDEx_SetRxFiFo)
    HAL_PCDEx_SetTxFiFo                      0x080007a7   Thumb Code    68  stm32f4xx_hal_pcd_ex.o(i.HAL_PCDEx_SetTxFiFo)
    HAL_PCD_ConnectCallback                  0x080007eb   Thumb Code     8  usbd_conf.o(i.HAL_PCD_ConnectCallback)
    HAL_PCD_DataInStageCallback              0x080007f3   Thumb Code    18  usbd_conf.o(i.HAL_PCD_DataInStageCallback)
    HAL_PCD_DataOutStageCallback             0x08000805   Thumb Code    20  usbd_conf.o(i.HAL_PCD_DataOutStageCallback)
    HAL_PCD_DisconnectCallback               0x08000819   Thumb Code     8  usbd_conf.o(i.HAL_PCD_DisconnectCallback)
    HAL_PCD_EP_Close                         0x08000821   Thumb Code    76  stm32f4xx_hal_pcd.o(i.HAL_PCD_EP_Close)
    HAL_PCD_EP_ClrStall                      0x0800086d   Thumb Code    92  stm32f4xx_hal_pcd.o(i.HAL_PCD_EP_ClrStall)
    HAL_PCD_EP_Open                          0x080008c9   Thumb Code    96  stm32f4xx_hal_pcd.o(i.HAL_PCD_EP_Open)
    HAL_PCD_EP_Receive                       0x08000929   Thumb Code    72  stm32f4xx_hal_pcd.o(i.HAL_PCD_EP_Receive)
    HAL_PCD_EP_SetStall                      0x08000971   Thumb Code   116  stm32f4xx_hal_pcd.o(i.HAL_PCD_EP_SetStall)
    HAL_PCD_EP_Transmit                      0x080009e5   Thumb Code    64  stm32f4xx_hal_pcd.o(i.HAL_PCD_EP_Transmit)
    HAL_PCD_IRQHandler                       0x08000a25   Thumb Code  1070  stm32f4xx_hal_pcd.o(i.HAL_PCD_IRQHandler)
    HAL_PCD_ISOINIncompleteCallback          0x08000e59   Thumb Code     8  usbd_conf.o(i.HAL_PCD_ISOINIncompleteCallback)
    HAL_PCD_ISOOUTIncompleteCallback         0x08000e61   Thumb Code     8  usbd_conf.o(i.HAL_PCD_ISOOUTIncompleteCallback)
    HAL_PCD_Init                             0x08000e69   Thumb Code   226  stm32f4xx_hal_pcd.o(i.HAL_PCD_Init)
    HAL_PCD_MspInit                          0x08000f4d   Thumb Code   122  usbd_conf.o(i.HAL_PCD_MspInit)
    HAL_PCD_ResetCallback                    0x08000fd1   Thumb Code    44  usbd_conf.o(i.HAL_PCD_ResetCallback)
    HAL_PCD_ResumeCallback                   0x08000ffd   Thumb Code     8  usbd_conf.o(i.HAL_PCD_ResumeCallback)
    HAL_PCD_SOFCallback                      0x08001005   Thumb Code     8  usbd_conf.o(i.HAL_PCD_SOFCallback)
    HAL_PCD_SetAddress                       0x0800100d   Thumb Code    40  stm32f4xx_hal_pcd.o(i.HAL_PCD_SetAddress)
    HAL_PCD_SetupStageCallback               0x08001035   Thumb Code    14  usbd_conf.o(i.HAL_PCD_SetupStageCallback)
    HAL_PCD_Start                            0x08001043   Thumb Code    66  stm32f4xx_hal_pcd.o(i.HAL_PCD_Start)
    HAL_PCD_SuspendCallback                  0x08001085   Thumb Code    44  usbd_conf.o(i.HAL_PCD_SuspendCallback)
    HAL_RCC_CSSCallback                      0x080010b5   Thumb Code     2  stm32f4xx_hal_rcc.o(i.HAL_RCC_CSSCallback)
    HAL_RCC_ClockConfig                      0x080010b9   Thumb Code   288  stm32f4xx_hal_rcc.o(i.HAL_RCC_ClockConfig)
    HAL_RCC_EnableCSS                        0x080011ed   Thumb Code     8  stm32f4xx_hal_rcc.o(i.HAL_RCC_EnableCSS)
    HAL_RCC_GetClockConfig                   0x080011f9   Thumb Code    54  stm32f4xx_hal_rcc.o(i.HAL_RCC_GetClockConfig)
    HAL_RCC_GetHCLKFreq                      0x08001239   Thumb Code     6  stm32f4xx_hal_rcc.o(i.HAL_RCC_GetHCLKFreq)
    HAL_RCC_GetPCLK2Freq                     0x08001245   Thumb Code    20  stm32f4xx_hal_rcc.o(i.HAL_RCC_GetPCLK2Freq)
    HAL_RCC_GetSysClockFreq                  0x08001265   Thumb Code    88  stm32f4xx_hal_rcc.o(i.HAL_RCC_GetSysClockFreq)
    HAL_RCC_NMI_IRQHandler                   0x080012c9   Thumb Code    24  stm32f4xx_hal_rcc.o(i.HAL_RCC_NMI_IRQHandler)
    HAL_RCC_OscConfig                        0x080012e5   Thumb Code   856  stm32f4xx_hal_rcc.o(i.HAL_RCC_OscConfig)
    HAL_TIMEx_BreakCallback                  0x08001651   Thumb Code     2  stm32f4xx_hal_tim_ex.o(i.HAL_TIMEx_BreakCallback)
    HAL_TIMEx_CommutCallback                 0x08001653   Thumb Code     2  stm32f4xx_hal_tim_ex.o(i.HAL_TIMEx_CommutCallback)
    HAL_TIM_Base_Init                        0x08001655   Thumb Code    90  stm32f4xx_hal_tim.o(i.HAL_TIM_Base_Init)
    HAL_TIM_Base_MspInit                     0x080016af   Thumb Code     2  stm32f4xx_hal_tim.o(i.HAL_TIM_Base_MspInit)
    HAL_TIM_Base_Start_IT                    0x080016b1   Thumb Code   100  stm32f4xx_hal_tim.o(i.HAL_TIM_Base_Start_IT)
    HAL_TIM_IC_CaptureCallback               0x08001731   Thumb Code     2  stm32f4xx_hal_tim.o(i.HAL_TIM_IC_CaptureCallback)
    HAL_TIM_IRQHandler                       0x08001733   Thumb Code   358  stm32f4xx_hal_tim.o(i.HAL_TIM_IRQHandler)
    HAL_TIM_OC_DelayElapsedCallback          0x08001899   Thumb Code     2  stm32f4xx_hal_tim.o(i.HAL_TIM_OC_DelayElapsedCallback)
    HAL_TIM_PWM_PulseFinishedCallback        0x0800189b   Thumb Code     2  stm32f4xx_hal_tim.o(i.HAL_TIM_PWM_PulseFinishedCallback)
    HAL_TIM_PeriodElapsedCallback            0x0800189d   Thumb Code    14  main.o(i.HAL_TIM_PeriodElapsedCallback)
    HAL_TIM_TriggerCallback                  0x080018b1   Thumb Code     2  stm32f4xx_hal_tim.o(i.HAL_TIM_TriggerCallback)
    HardFault_Handler                        0x080018b3   Thumb Code     2  stm32f4xx_it.o(i.HardFault_Handler)
    MX_USB_DEVICE_Init                       0x08001959   Thumb Code    66  usb_device.o(i.MX_USB_DEVICE_Init)
    MemManage_Handler                        0x080019ad   Thumb Code     2  stm32f4xx_it.o(i.MemManage_Handler)
    NMI_Handler                              0x080019af   Thumb Code     6  stm32f4xx_it.o(i.NMI_Handler)
    OTG_FS_IRQHandler                        0x080019b5   Thumb Code     6  stm32f4xx_it.o(i.OTG_FS_IRQHandler)
    StartLED1Task                            0x08001b39   Thumb Code    36  main.o(i.StartLED1Task)
    StartLed2                                0x08001b61   Thumb Code    86  main.o(i.StartLed2)
    SysTick_Handler                          0x08001bdd   Thumb Code    38  port.o(i.SysTick_Handler)
    SystemClock_Config                       0x08001c09   Thumb Code   144  main.o(i.SystemClock_Config)
    SystemInit                               0x08001ca1   Thumb Code    12  system_stm32f4xx.o(i.SystemInit)
    TIM1_UP_TIM10_IRQHandler                 0x08001cb1   Thumb Code     6  stm32f4xx_it.o(i.TIM1_UP_TIM10_IRQHandler)
    TIM_Base_SetConfig                       0x08001cbd   Thumb Code   156  stm32f4xx_hal_tim.o(i.TIM_Base_SetConfig)
    USBD_CUSTOM_HID_ReceivePacket            0x08001eaf   Thumb Code    24  usbd_customhid.o(i.USBD_CUSTOM_HID_ReceivePacket)
    USBD_CUSTOM_HID_RegisterInterface        0x08001ec7   Thumb Code    14  usbd_customhid.o(i.USBD_CUSTOM_HID_RegisterInterface)
    USBD_CUSTOM_HID_SendReport               0x08001ed5   Thumb Code    52  usbd_customhid.o(i.USBD_CUSTOM_HID_SendReport)
    USBD_ClrClassConfig                      0x08001ff9   Thumb Code    16  usbd_core.o(i.USBD_ClrClassConfig)
    USBD_CtlContinueRx                       0x08002009   Thumb Code    16  usbd_ioreq.o(i.USBD_CtlContinueRx)
    USBD_CtlContinueSendData                 0x08002019   Thumb Code    16  usbd_ioreq.o(i.USBD_CtlContinueSendData)
    USBD_CtlError                            0x08002029   Thumb Code    22  usbd_ctlreq.o(i.USBD_CtlError)
    USBD_CtlPrepareRx                        0x0800203f   Thumb Code    30  usbd_ioreq.o(i.USBD_CtlPrepareRx)
    USBD_CtlReceiveStatus                    0x0800205d   Thumb Code    22  usbd_ioreq.o(i.USBD_CtlReceiveStatus)
    USBD_CtlSendData                         0x08002073   Thumb Code    26  usbd_ioreq.o(i.USBD_CtlSendData)
    USBD_CtlSendStatus                       0x0800208d   Thumb Code    22  usbd_ioreq.o(i.USBD_CtlSendStatus)
    USBD_FS_ConfigStrDescriptor              0x080020a5   Thumb Code    16  usbd_desc.o(i.USBD_FS_ConfigStrDescriptor)
    USBD_FS_DeviceDescriptor                 0x080020cd   Thumb Code     8  usbd_desc.o(i.USBD_FS_DeviceDescriptor)
    USBD_FS_InterfaceStrDescriptor           0x080020d9   Thumb Code    16  usbd_desc.o(i.USBD_FS_InterfaceStrDescriptor)
    USBD_FS_LangIDStrDescriptor              0x08002105   Thumb Code     8  usbd_desc.o(i.USBD_FS_LangIDStrDescriptor)
    USBD_FS_ManufacturerStrDescriptor        0x08002111   Thumb Code    16  usbd_desc.o(i.USBD_FS_ManufacturerStrDescriptor)
    USBD_FS_ProductStrDescriptor             0x08002139   Thumb Code    16  usbd_desc.o(i.USBD_FS_ProductStrDescriptor)
    USBD_FS_SerialStrDescriptor              0x0800216d   Thumb Code    48  usbd_desc.o(i.USBD_FS_SerialStrDescriptor)
    USBD_GetString                           0x0800228b   Thumb Code    72  usbd_ctlreq.o(i.USBD_GetString)
    USBD_Get_USB_Status                      0x080022d3   Thumb Code    24  usbd_conf.o(i.USBD_Get_USB_Status)
    USBD_Init                                0x080022eb   Thumb Code    38  usbd_core.o(i.USBD_Init)
    USBD_LL_ClearStallEP                     0x08002311   Thumb Code    18  usbd_conf.o(i.USBD_LL_ClearStallEP)
    USBD_LL_CloseEP                          0x08002323   Thumb Code    18  usbd_conf.o(i.USBD_LL_CloseEP)
    USBD_LL_DataInStage                      0x08002335   Thumb Code   168  usbd_core.o(i.USBD_LL_DataInStage)
    USBD_LL_DataOutStage                     0x080023dd   Thumb Code   108  usbd_core.o(i.USBD_LL_DataOutStage)
    USBD_LL_DevConnected                     0x08002449   Thumb Code     4  usbd_core.o(i.USBD_LL_DevConnected)
    USBD_LL_DevDisconnected                  0x0800244d   Thumb Code    24  usbd_core.o(i.USBD_LL_DevDisconnected)
    USBD_LL_Init                             0x08002465   Thumb Code    90  usbd_conf.o(i.USBD_LL_Init)
    USBD_LL_IsStallEP                        0x080024c5   Thumb Code    32  usbd_conf.o(i.USBD_LL_IsStallEP)
    USBD_LL_IsoINIncomplete                  0x080024e5   Thumb Code    32  usbd_core.o(i.USBD_LL_IsoINIncomplete)
    USBD_LL_IsoOUTIncomplete                 0x08002505   Thumb Code    32  usbd_core.o(i.USBD_LL_IsoOUTIncomplete)
    USBD_LL_OpenEP                           0x08002525   Thumb Code    24  usbd_conf.o(i.USBD_LL_OpenEP)
    USBD_LL_PrepareReceive                   0x0800253d   Thumb Code    18  usbd_conf.o(i.USBD_LL_PrepareReceive)
    USBD_LL_Reset                            0x0800254f   Thumb Code    90  usbd_core.o(i.USBD_LL_Reset)
    USBD_LL_Resume                           0x080025a9   Thumb Code    20  usbd_core.o(i.USBD_LL_Resume)
    USBD_LL_SOF                              0x080025bd   Thumb Code    32  usbd_core.o(i.USBD_LL_SOF)
    USBD_LL_SetSpeed                         0x080025dd   Thumb Code     6  usbd_core.o(i.USBD_LL_SetSpeed)
    USBD_LL_SetUSBAddress                    0x080025e3   Thumb Code    18  usbd_conf.o(i.USBD_LL_SetUSBAddress)
    USBD_LL_SetupStage                       0x080025f5   Thumb Code    96  usbd_core.o(i.USBD_LL_SetupStage)
    USBD_LL_StallEP                          0x08002655   Thumb Code    18  usbd_conf.o(i.USBD_LL_StallEP)
    USBD_LL_Start                            0x08002667   Thumb Code    18  usbd_conf.o(i.USBD_LL_Start)
    USBD_LL_Suspend                          0x08002679   Thumb Code    18  usbd_core.o(i.USBD_LL_Suspend)
    USBD_LL_Transmit                         0x0800268b   Thumb Code    18  usbd_conf.o(i.USBD_LL_Transmit)
    USBD_ParseSetupRequest                   0x0800269d   Thumb Code    44  usbd_ctlreq.o(i.USBD_ParseSetupRequest)
    USBD_RegisterClass                       0x080026c9   Thumb Code    36  usbd_core.o(i.USBD_RegisterClass)
    USBD_SetClassConfig                      0x080026ed   Thumb Code    20  usbd_core.o(i.USBD_SetClassConfig)
    USBD_Start                               0x080027bd   Thumb Code     4  usbd_core.o(i.USBD_Start)
    USBD_StdDevReq                           0x080027c1   Thumb Code   276  usbd_ctlreq.o(i.USBD_StdDevReq)
    USBD_StdEPReq                            0x080028d5   Thumb Code   320  usbd_ctlreq.o(i.USBD_StdEPReq)
    USBD_StdItfReq                           0x08002a15   Thumb Code    82  usbd_ctlreq.o(i.USBD_StdItfReq)
    USBD_static_free                         0x08002a67   Thumb Code     2  usbd_conf.o(i.USBD_static_free)
    USBD_static_malloc                       0x08002a69   Thumb Code     4  usbd_conf.o(i.USBD_static_malloc)
    USB_ActivateEndpoint                     0x08002a71   Thumb Code   122  stm32f4xx_ll_usb.o(i.USB_ActivateEndpoint)
    USB_ActivateSetup                        0x08002af1   Thumb Code    28  stm32f4xx_ll_usb.o(i.USB_ActivateSetup)
    USB_CoreInit                             0x08002b0d   Thumb Code   112  stm32f4xx_ll_usb.o(i.USB_CoreInit)
    USB_DeactivateEndpoint                   0x08002bb9   Thumb Code   194  stm32f4xx_ll_usb.o(i.USB_DeactivateEndpoint)
    USB_DevConnect                           0x08002c85   Thumb Code    28  stm32f4xx_ll_usb.o(i.USB_DevConnect)
    USB_DevDisconnect                        0x08002ca1   Thumb Code    28  stm32f4xx_ll_usb.o(i.USB_DevDisconnect)
    USB_DevInit                              0x08002cbd   Thumb Code   362  stm32f4xx_ll_usb.o(i.USB_DevInit)
    USB_DisableGlobalInt                     0x08002e31   Thumb Code    12  stm32f4xx_ll_usb.o(i.USB_DisableGlobalInt)
    USB_EP0StartXfer                         0x08002e3d   Thumb Code   276  stm32f4xx_ll_usb.o(i.USB_EP0StartXfer)
    USB_EP0_OutStart                         0x08002f55   Thumb Code    84  stm32f4xx_ll_usb.o(i.USB_EP0_OutStart)
    USB_EPClearStall                         0x08002fad   Thumb Code    88  stm32f4xx_ll_usb.o(i.USB_EPClearStall)
    USB_EPSetStall                           0x08003005   Thumb Code    88  stm32f4xx_ll_usb.o(i.USB_EPSetStall)
    USB_EPStartXfer                          0x0800305d   Thumb Code   482  stm32f4xx_ll_usb.o(i.USB_EPStartXfer)
    USB_EnableGlobalInt                      0x08003245   Thumb Code    12  stm32f4xx_ll_usb.o(i.USB_EnableGlobalInt)
    USB_FlushRxFifo                          0x08003251   Thumb Code    28  stm32f4xx_ll_usb.o(i.USB_FlushRxFifo)
    USB_FlushTxFifo                          0x08003271   Thumb Code    32  stm32f4xx_ll_usb.o(i.USB_FlushTxFifo)
    USB_GetDevSpeed                          0x08003295   Thumb Code    26  stm32f4xx_ll_usb.o(i.USB_GetDevSpeed)
    USB_GetMode                              0x080032af   Thumb Code     8  stm32f4xx_ll_usb.o(i.USB_GetMode)
    USB_ReadDevAllInEpInterrupt              0x080032b7   Thumb Code    14  stm32f4xx_ll_usb.o(i.USB_ReadDevAllInEpInterrupt)
    USB_ReadDevAllOutEpInterrupt             0x080032c5   Thumb Code    14  stm32f4xx_ll_usb.o(i.USB_ReadDevAllOutEpInterrupt)
    USB_ReadDevInEPInterrupt                 0x080032d3   Thumb Code    36  stm32f4xx_ll_usb.o(i.USB_ReadDevInEPInterrupt)
    USB_ReadDevOutEPInterrupt                0x080032f7   Thumb Code    16  stm32f4xx_ll_usb.o(i.USB_ReadDevOutEPInterrupt)
    USB_ReadInterrupts                       0x08003307   Thumb Code     8  stm32f4xx_ll_usb.o(i.USB_ReadInterrupts)
    USB_ReadPacket                           0x0800330f   Thumb Code    28  stm32f4xx_ll_usb.o(i.USB_ReadPacket)
    USB_SetCurrentMode                       0x0800332b   Thumb Code    46  stm32f4xx_ll_usb.o(i.USB_SetCurrentMode)
    USB_SetDevAddress                        0x08003359   Thumb Code    34  stm32f4xx_ll_usb.o(i.USB_SetDevAddress)
    USB_SetTurnaroundTime                    0x0800337d   Thumb Code   158  stm32f4xx_ll_usb.o(i.USB_SetTurnaroundTime)
    USB_WritePacket                          0x08003465   Thumb Code    36  stm32f4xx_ll_usb.o(i.USB_WritePacket)
    UsageFault_Handler                       0x08003489   Thumb Code     2  stm32f4xx_it.o(i.UsageFault_Handler)
    __scatterload_copy                       0x080034ab   Thumb Code    14  handlers.o(i.__scatterload_copy)
    __scatterload_null                       0x080034b9   Thumb Code     2  handlers.o(i.__scatterload_null)
    __scatterload_zeroinit                   0x080034bb   Thumb Code    14  handlers.o(i.__scatterload_zeroinit)
    main                                     0x080034c9   Thumb Code    68  main.o(i.main)
    osDelay                                  0x08003521   Thumb Code    16  cmsis_os.o(i.osDelay)
    osKernelStart                            0x08003531   Thumb Code    10  cmsis_os.o(i.osKernelStart)
    osThreadCreate                           0x0800353b   Thumb Code    92  cmsis_os.o(i.osThreadCreate)
    pvPortMalloc                             0x08003921   Thumb Code   224  heap_4.o(i.pvPortMalloc)
    pxPortInitialiseStack                    0x08003a09   Thumb Code    38  port.o(i.pxPortInitialiseStack)
    uxListRemove                             0x08003a35   Thumb Code    38  list.o(i.uxListRemove)
    vApplicationGetIdleTaskMemory            0x08003a5d   Thumb Code    16  freertos.o(i.vApplicationGetIdleTaskMemory)
    vListInitialise                          0x08003a71   Thumb Code    22  list.o(i.vListInitialise)
    vListInitialiseItem                      0x08003a87   Thumb Code     6  list.o(i.vListInitialiseItem)
    vListInsert                              0x08003a8d   Thumb Code    54  list.o(i.vListInsert)
    vListInsertEnd                           0x08003ac3   Thumb Code    24  list.o(i.vListInsertEnd)
    vPortEnterCritical                       0x08003add   Thumb Code    54  port.o(i.vPortEnterCritical)
    vPortExitCritical                        0x08003b1d   Thumb Code    38  port.o(i.vPortExitCritical)
    vPortFree                                0x08003b49   Thumb Code    94  heap_4.o(i.vPortFree)
    vPortSetupTimerInterrupt                 0x08003bad   Thumb Code    32  port.o(i.vPortSetupTimerInterrupt)
    vTaskDelay                               0x08003bd1   Thumb Code    70  tasks.o(i.vTaskDelay)
    vTaskStartScheduler                      0x08003c21   Thumb Code   120  tasks.o(i.vTaskStartScheduler)
    vTaskSuspendAll                          0x08003ca9   Thumb Code    10  tasks.o(i.vTaskSuspendAll)
    vTaskSwitchContext                       0x08003cb9   Thumb Code    86  tasks.o(i.vTaskSwitchContext)
    xPortStartScheduler                      0x08003d19   Thumb Code   232  port.o(i.xPortStartScheduler)
    xTaskCreate                              0x08003e1d   Thumb Code   108  tasks.o(i.xTaskCreate)
    xTaskCreateStatic                        0x08003e89   Thumb Code    96  tasks.o(i.xTaskCreateStatic)
    xTaskIncrementTick                       0x08003ee9   Thumb Code   202  tasks.o(i.xTaskIncrementTick)
    xTaskResumeAll                           0x08003fbd   Thumb Code   190  tasks.o(i.xTaskResumeAll)
    AHBPrescTable                            0x080040c0   Data          16  system_stm32f4xx.o(.constdata)
    APBPrescTable                            0x080040d0   Data           8  system_stm32f4xx.o(.constdata)
    Region$$Table$$Base                      0x080040f0   Number         0  anon$$obj.o(Region$$Table)
    Region$$Table$$Limit                     0x08004110   Number         0  anon$$obj.o(Region$$Table)
    TaskLed1Handle                           0x20000000   Data           4  main.o(.data)
    TaskLed2Handle                           0x20000004   Data           4  main.o(.data)
    send_buf                                 0x20000008   Data          64  main.o(.data)
    FS_Desc                                  0x20000048   Data          28  usbd_desc.o(.data)
    USBD_LangIDDesc                          0x20000064   Data           4  usbd_desc.o(.data)
    USBD_FS_DeviceDesc                       0x20000068   Data          18  usbd_desc.o(.data)
    USBD_StringSerial                        0x2000007c   Data          26  usbd_desc.o(.data)
    USBD_CustomHID_fops_FS                   0x200000bc   Data          16  usbd_custom_hid_if.o(.data)
    uwTickFreq                               0x200000cc   Data           1  stm32f4xx_hal.o(.data)
    uwTickPrio                               0x200000d0   Data           4  stm32f4xx_hal.o(.data)
    uwTick                                   0x200000d4   Data           4  stm32f4xx_hal.o(.data)
    SystemCoreClock                          0x200000d8   Data           4  system_stm32f4xx.o(.data)
    USBD_CUSTOM_HID                          0x200000e0   Data          56  usbd_customhid.o(.data)
    pxCurrentTCB                             0x200001b4   Data           4  tasks.o(.data)
    htim1                                    0x20000470   Data          72  stm32f4xx_hal_timebase_tim.o(.bss)
    hUsbDeviceFS                             0x200004b8   Data         720  usb_device.o(.bss)
    USBD_StrDesc                             0x20000788   Data         512  usbd_desc.o(.bss)
    hpcd_USB_OTG_FS                          0x200009e0   Data        1032  usbd_conf.o(.bss)
    __initial_sp                             0x200052d8   Data           0  startup_stm32f407xx.o(STACK)



==============================================================================

Memory Map of the image

  Image Entry point : 0x08000189

  Load Region LR_IROM1 (Base: 0x08000000, Size: 0x0000432c, Max: 0x00080000, ABSOLUTE, COMPRESSED[0x00004214])

    Execution Region ER_IROM1 (Exec base: 0x08000000, Load base: 0x08000000, Size: 0x00004110, Max: 0x00080000, ABSOLUTE)

    Exec Addr    Load Addr    Size         Type   Attr      Idx    E Section Name        Object

    0x08000000   0x08000000   0x00000188   Data   RO            3    RESET               startup_stm32f407xx.o
    0x08000188   0x08000188   0x00000000   Code   RO         5178  * .ARM.Collect$$$$00000000  mc_w.l(entry.o)
    0x08000188   0x08000188   0x00000004   Code   RO         5191    .ARM.Collect$$$$00000001  mc_w.l(entry2.o)
    0x0800018c   0x0800018c   0x00000004   Code   RO         5194    .ARM.Collect$$$$00000004  mc_w.l(entry5.o)
    0x08000190   0x08000190   0x00000000   Code   RO         5196    .ARM.Collect$$$$00000008  mc_w.l(entry7b.o)
    0x08000190   0x08000190   0x00000000   Code   RO         5198    .ARM.Collect$$$$0000000A  mc_w.l(entry8b.o)
    0x08000190   0x08000190   0x00000008   Code   RO         5199    .ARM.Collect$$$$0000000B  mc_w.l(entry9a.o)
    0x08000198   0x08000198   0x00000000   Code   RO         5201    .ARM.Collect$$$$0000000D  mc_w.l(entry10a.o)
    0x08000198   0x08000198   0x00000000   Code   RO         5203    .ARM.Collect$$$$0000000F  mc_w.l(entry11a.o)
    0x08000198   0x08000198   0x00000004   Code   RO         5192    .ARM.Collect$$$$00002712  mc_w.l(entry2.o)
    0x0800019c   0x0800019c   0x000000be   Code   RO         5101    .emb_text           port.o
    0x0800025a   0x0800025a   0x00000002   PAD
    0x0800025c   0x0800025c   0x00000024   Code   RO            4    .text               startup_stm32f407xx.o
    0x08000280   0x08000280   0x00000062   Code   RO         5181    .text               mc_w.l(uldiv.o)
    0x080002e2   0x080002e2   0x00000024   Code   RO         5183    .text               mc_w.l(memcpya.o)
    0x08000306   0x08000306   0x00000024   Code   RO         5187    .text               mc_w.l(memseta.o)
    0x0800032a   0x0800032a   0x0000001e   Code   RO         5205    .text               mc_w.l(llshl.o)
    0x08000348   0x08000348   0x00000020   Code   RO         5207    .text               mc_w.l(llushr.o)
    0x08000368   0x08000368   0x00000024   Code   RO         5209    .text               mc_w.l(init.o)
    0x0800038c   0x0800038c   0x00000056   Code   RO         5219    .text               mc_w.l(__dczerorl2.o)
    0x080003e2   0x080003e2   0x00000002   Code   RO          288    i.BusFault_Handler  stm32f4xx_it.o
    0x080003e4   0x080003e4   0x00000004   Code   RO          542    i.CUSTOM_HID_DeInit_FS  usbd_custom_hid_if.o
    0x080003e8   0x080003e8   0x00000004   Code   RO          543    i.CUSTOM_HID_Init_FS  usbd_custom_hid_if.o
    0x080003ec   0x080003ec   0x00000010   Code   RO          544    i.CUSTOM_HID_OutEvent_FS  usbd_custom_hid_if.o
    0x080003fc   0x080003fc   0x00000002   Code   RO          289    i.DebugMon_Handler  stm32f4xx_it.o
    0x080003fe   0x080003fe   0x00000004   Code   RO           13    i.Error_Handler     main.o
    0x08000402   0x08000402   0x00000002   PAD
    0x08000404   0x08000404   0x00000024   Code   RO         2237    i.HAL_Delay         stm32f4xx_hal.o
    0x08000428   0x08000428   0x000001ec   Code   RO         1711    i.HAL_GPIO_Init     stm32f4xx_hal_gpio.o
    0x08000614   0x08000614   0x0000000a   Code   RO         1715    i.HAL_GPIO_WritePin  stm32f4xx_hal_gpio.o
    0x0800061e   0x0800061e   0x00000002   PAD
    0x08000620   0x08000620   0x0000000c   Code   RO         2243    i.HAL_GetTick       stm32f4xx_hal.o
    0x0800062c   0x0800062c   0x00000010   Code   RO         2249    i.HAL_IncTick       stm32f4xx_hal.o
    0x0800063c   0x0800063c   0x00000034   Code   RO         2250    i.HAL_Init          stm32f4xx_hal.o
    0x08000670   0x08000670   0x00000074   Code   RO          382    i.HAL_InitTick      stm32f4xx_hal_timebase_tim.o
    0x080006e4   0x080006e4   0x00000038   Code   RO          358    i.HAL_MspInit       stm32f4xx_hal_msp.o
    0x0800071c   0x0800071c   0x0000001a   Code   RO         2100    i.HAL_NVIC_EnableIRQ  stm32f4xx_hal_cortex.o
    0x08000736   0x08000736   0x00000002   PAD
    0x08000738   0x08000738   0x00000040   Code   RO         2106    i.HAL_NVIC_SetPriority  stm32f4xx_hal_cortex.o
    0x08000778   0x08000778   0x00000024   Code   RO         2107    i.HAL_NVIC_SetPriorityGrouping  stm32f4xx_hal_cortex.o
    0x0800079c   0x0800079c   0x00000002   Code   RO         1017    i.HAL_PCDEx_LPM_Callback  stm32f4xx_hal_pcd_ex.o
    0x0800079e   0x0800079e   0x00000008   Code   RO         1018    i.HAL_PCDEx_SetRxFiFo  stm32f4xx_hal_pcd_ex.o
    0x080007a6   0x080007a6   0x00000044   Code   RO         1019    i.HAL_PCDEx_SetTxFiFo  stm32f4xx_hal_pcd_ex.o
    0x080007ea   0x080007ea   0x00000008   Code   RO          583    i.HAL_PCD_ConnectCallback  usbd_conf.o
    0x080007f2   0x080007f2   0x00000012   Code   RO          584    i.HAL_PCD_DataInStageCallback  usbd_conf.o
    0x08000804   0x08000804   0x00000014   Code   RO          585    i.HAL_PCD_DataOutStageCallback  usbd_conf.o
    0x08000818   0x08000818   0x00000008   Code   RO          586    i.HAL_PCD_DisconnectCallback  usbd_conf.o
    0x08000820   0x08000820   0x0000004c   Code   RO          799    i.HAL_PCD_EP_Close  stm32f4xx_hal_pcd.o
    0x0800086c   0x0800086c   0x0000005c   Code   RO          800    i.HAL_PCD_EP_ClrStall  stm32f4xx_hal_pcd.o
    0x080008c8   0x080008c8   0x00000060   Code   RO          803    i.HAL_PCD_EP_Open   stm32f4xx_hal_pcd.o
    0x08000928   0x08000928   0x00000048   Code   RO          804    i.HAL_PCD_EP_Receive  stm32f4xx_hal_pcd.o
    0x08000970   0x08000970   0x00000074   Code   RO          805    i.HAL_PCD_EP_SetStall  stm32f4xx_hal_pcd.o
    0x080009e4   0x080009e4   0x00000040   Code   RO          806    i.HAL_PCD_EP_Transmit  stm32f4xx_hal_pcd.o
    0x08000a24   0x08000a24   0x00000434   Code   RO          808    i.HAL_PCD_IRQHandler  stm32f4xx_hal_pcd.o
    0x08000e58   0x08000e58   0x00000008   Code   RO          587    i.HAL_PCD_ISOINIncompleteCallback  usbd_conf.o
    0x08000e60   0x08000e60   0x00000008   Code   RO          588    i.HAL_PCD_ISOOUTIncompleteCallback  usbd_conf.o
    0x08000e68   0x08000e68   0x000000e2   Code   RO          811    i.HAL_PCD_Init      stm32f4xx_hal_pcd.o
    0x08000f4a   0x08000f4a   0x00000002   PAD
    0x08000f4c   0x08000f4c   0x00000084   Code   RO          590    i.HAL_PCD_MspInit   usbd_conf.o
    0x08000fd0   0x08000fd0   0x0000002c   Code   RO          591    i.HAL_PCD_ResetCallback  usbd_conf.o
    0x08000ffc   0x08000ffc   0x00000008   Code   RO          592    i.HAL_PCD_ResumeCallback  usbd_conf.o
    0x08001004   0x08001004   0x00000008   Code   RO          593    i.HAL_PCD_SOFCallback  usbd_conf.o
    0x0800100c   0x0800100c   0x00000028   Code   RO          817    i.HAL_PCD_SetAddress  stm32f4xx_hal_pcd.o
    0x08001034   0x08001034   0x0000000e   Code   RO          594    i.HAL_PCD_SetupStageCallback  usbd_conf.o
    0x08001042   0x08001042   0x00000042   Code   RO          819    i.HAL_PCD_Start     stm32f4xx_hal_pcd.o
    0x08001084   0x08001084   0x00000030   Code   RO          595    i.HAL_PCD_SuspendCallback  usbd_conf.o
    0x080010b4   0x080010b4   0x00000002   Code   RO         1356    i.HAL_RCC_CSSCallback  stm32f4xx_hal_rcc.o
    0x080010b6   0x080010b6   0x00000002   PAD
    0x080010b8   0x080010b8   0x00000134   Code   RO         1357    i.HAL_RCC_ClockConfig  stm32f4xx_hal_rcc.o
    0x080011ec   0x080011ec   0x0000000c   Code   RO         1360    i.HAL_RCC_EnableCSS  stm32f4xx_hal_rcc.o
    0x080011f8   0x080011f8   0x00000040   Code   RO         1361    i.HAL_RCC_GetClockConfig  stm32f4xx_hal_rcc.o
    0x08001238   0x08001238   0x0000000c   Code   RO         1362    i.HAL_RCC_GetHCLKFreq  stm32f4xx_hal_rcc.o
    0x08001244   0x08001244   0x00000020   Code   RO         1365    i.HAL_RCC_GetPCLK2Freq  stm32f4xx_hal_rcc.o
    0x08001264   0x08001264   0x00000064   Code   RO         1366    i.HAL_RCC_GetSysClockFreq  stm32f4xx_hal_rcc.o
    0x080012c8   0x080012c8   0x0000001c   Code   RO         1368    i.HAL_RCC_NMI_IRQHandler  stm32f4xx_hal_rcc.o
    0x080012e4   0x080012e4   0x0000036c   Code   RO         1369    i.HAL_RCC_OscConfig  stm32f4xx_hal_rcc.o
    0x08001650   0x08001650   0x00000002   Code   RO         3194    i.HAL_TIMEx_BreakCallback  stm32f4xx_hal_tim_ex.o
    0x08001652   0x08001652   0x00000002   Code   RO         3195    i.HAL_TIMEx_CommutCallback  stm32f4xx_hal_tim_ex.o
    0x08001654   0x08001654   0x0000005a   Code   RO         2490    i.HAL_TIM_Base_Init  stm32f4xx_hal_tim.o
    0x080016ae   0x080016ae   0x00000002   Code   RO         2492    i.HAL_TIM_Base_MspInit  stm32f4xx_hal_tim.o
    0x080016b0   0x080016b0   0x00000080   Code   RO         2495    i.HAL_TIM_Base_Start_IT  stm32f4xx_hal_tim.o
    0x08001730   0x08001730   0x00000002   Code   RO         2524    i.HAL_TIM_IC_CaptureCallback  stm32f4xx_hal_tim.o
    0x08001732   0x08001732   0x00000166   Code   RO         2538    i.HAL_TIM_IRQHandler  stm32f4xx_hal_tim.o
    0x08001898   0x08001898   0x00000002   Code   RO         2541    i.HAL_TIM_OC_DelayElapsedCallback  stm32f4xx_hal_tim.o
    0x0800189a   0x0800189a   0x00000002   Code   RO         2568    i.HAL_TIM_PWM_PulseFinishedCallback  stm32f4xx_hal_tim.o
    0x0800189c   0x0800189c   0x00000014   Code   RO           14    i.HAL_TIM_PeriodElapsedCallback  main.o
    0x080018b0   0x080018b0   0x00000002   Code   RO         2581    i.HAL_TIM_TriggerCallback  stm32f4xx_hal_tim.o
    0x080018b2   0x080018b2   0x00000002   Code   RO          290    i.HardFault_Handler  stm32f4xx_it.o
    0x080018b4   0x080018b4   0x00000038   Code   RO          456    i.IntToUnicode      usbd_desc.o
    0x080018ec   0x080018ec   0x0000006c   Code   RO           15    i.MX_GPIO_Init      main.o
    0x08001958   0x08001958   0x00000054   Code   RO          421    i.MX_USB_DEVICE_Init  usb_device.o
    0x080019ac   0x080019ac   0x00000002   Code   RO          291    i.MemManage_Handler  stm32f4xx_it.o
    0x080019ae   0x080019ae   0x00000006   Code   RO          292    i.NMI_Handler       stm32f4xx_it.o
    0x080019b4   0x080019b4   0x0000000c   Code   RO          293    i.OTG_FS_IRQHandler  stm32f4xx_it.o
    0x080019c0   0x080019c0   0x000000cc   Code   RO          823    i.PCD_EP_OutXfrComplete_int  stm32f4xx_hal_pcd.o
    0x08001a8c   0x08001a8c   0x000000a2   Code   RO          824    i.PCD_WriteEmptyTxFifo  stm32f4xx_hal_pcd.o
    0x08001b2e   0x08001b2e   0x0000000a   Code   RO         3637    i.SWAPBYTE          usbd_ctlreq.o
    0x08001b38   0x08001b38   0x00000028   Code   RO           16    i.StartLED1Task     main.o
    0x08001b60   0x08001b60   0x0000007c   Code   RO           17    i.StartLed2         main.o
    0x08001bdc   0x08001bdc   0x0000002c   Code   RO         5102    i.SysTick_Handler   port.o
    0x08001c08   0x08001c08   0x00000098   Code   RO           18    i.SystemClock_Config  main.o
    0x08001ca0   0x08001ca0   0x00000010   Code   RO         3462    i.SystemInit        system_stm32f4xx.o
    0x08001cb0   0x08001cb0   0x0000000c   Code   RO          294    i.TIM1_UP_TIM10_IRQHandler  stm32f4xx_it.o
    0x08001cbc   0x08001cbc   0x000000c8   Code   RO         2583    i.TIM_Base_SetConfig  stm32f4xx_hal_tim.o
    0x08001d84   0x08001d84   0x0000000e   Code   RO         3770    i.USBD_CUSTOM_HID_DataIn  usbd_customhid.o
    0x08001d92   0x08001d92   0x0000001e   Code   RO         3771    i.USBD_CUSTOM_HID_DataOut  usbd_customhid.o
    0x08001db0   0x08001db0   0x0000003e   Code   RO         3772    i.USBD_CUSTOM_HID_DeInit  usbd_customhid.o
    0x08001dee   0x08001dee   0x0000002a   Code   RO         3773    i.USBD_CUSTOM_HID_EP0_RxReady  usbd_customhid.o
    0x08001e18   0x08001e18   0x0000000c   Code   RO         3774    i.USBD_CUSTOM_HID_GetDeviceQualifierDesc  usbd_customhid.o
    0x08001e24   0x08001e24   0x0000000c   Code   RO         3775    i.USBD_CUSTOM_HID_GetFSCfgDesc  usbd_customhid.o
    0x08001e30   0x08001e30   0x0000000c   Code   RO         3776    i.USBD_CUSTOM_HID_GetHSCfgDesc  usbd_customhid.o
    0x08001e3c   0x08001e3c   0x0000000c   Code   RO         3777    i.USBD_CUSTOM_HID_GetOtherSpeedCfgDesc  usbd_customhid.o
    0x08001e48   0x08001e48   0x00000066   Code   RO         3778    i.USBD_CUSTOM_HID_Init  usbd_customhid.o
    0x08001eae   0x08001eae   0x00000018   Code   RO         3779    i.USBD_CUSTOM_HID_ReceivePacket  usbd_customhid.o
    0x08001ec6   0x08001ec6   0x0000000e   Code   RO         3780    i.USBD_CUSTOM_HID_RegisterInterface  usbd_customhid.o
    0x08001ed4   0x08001ed4   0x00000034   Code   RO         3781    i.USBD_CUSTOM_HID_SendReport  usbd_customhid.o
    0x08001f08   0x08001f08   0x000000f0   Code   RO         3782    i.USBD_CUSTOM_HID_Setup  usbd_customhid.o
    0x08001ff8   0x08001ff8   0x00000010   Code   RO         3499    i.USBD_ClrClassConfig  usbd_core.o
    0x08002008   0x08002008   0x00000010   Code   RO         3710    i.USBD_CtlContinueRx  usbd_ioreq.o
    0x08002018   0x08002018   0x00000010   Code   RO         3711    i.USBD_CtlContinueSendData  usbd_ioreq.o
    0x08002028   0x08002028   0x00000016   Code   RO         3638    i.USBD_CtlError     usbd_ctlreq.o
    0x0800203e   0x0800203e   0x0000001e   Code   RO         3712    i.USBD_CtlPrepareRx  usbd_ioreq.o
    0x0800205c   0x0800205c   0x00000016   Code   RO         3713    i.USBD_CtlReceiveStatus  usbd_ioreq.o
    0x08002072   0x08002072   0x0000001a   Code   RO         3714    i.USBD_CtlSendData  usbd_ioreq.o
    0x0800208c   0x0800208c   0x00000016   Code   RO         3715    i.USBD_CtlSendStatus  usbd_ioreq.o
    0x080020a2   0x080020a2   0x00000002   PAD
    0x080020a4   0x080020a4   0x00000028   Code   RO          457    i.USBD_FS_ConfigStrDescriptor  usbd_desc.o
    0x080020cc   0x080020cc   0x0000000c   Code   RO          458    i.USBD_FS_DeviceDescriptor  usbd_desc.o
    0x080020d8   0x080020d8   0x0000002c   Code   RO          459    i.USBD_FS_InterfaceStrDescriptor  usbd_desc.o
    0x08002104   0x08002104   0x0000000c   Code   RO          460    i.USBD_FS_LangIDStrDescriptor  usbd_desc.o
    0x08002110   0x08002110   0x00000028   Code   RO          461    i.USBD_FS_ManufacturerStrDescriptor  usbd_desc.o
    0x08002138   0x08002138   0x00000034   Code   RO          462    i.USBD_FS_ProductStrDescriptor  usbd_desc.o
    0x0800216c   0x0800216c   0x00000038   Code   RO          463    i.USBD_FS_SerialStrDescriptor  usbd_desc.o
    0x080021a4   0x080021a4   0x000000e6   Code   RO         3639    i.USBD_GetDescriptor  usbd_ctlreq.o
    0x0800228a   0x0800228a   0x00000048   Code   RO         3640    i.USBD_GetString    usbd_ctlreq.o
    0x080022d2   0x080022d2   0x00000018   Code   RO          596    i.USBD_Get_USB_Status  usbd_conf.o
    0x080022ea   0x080022ea   0x00000026   Code   RO         3501    i.USBD_Init         usbd_core.o
    0x08002310   0x08002310   0x00000012   Code   RO          597    i.USBD_LL_ClearStallEP  usbd_conf.o
    0x08002322   0x08002322   0x00000012   Code   RO          598    i.USBD_LL_CloseEP   usbd_conf.o
    0x08002334   0x08002334   0x000000a8   Code   RO         3502    i.USBD_LL_DataInStage  usbd_core.o
    0x080023dc   0x080023dc   0x0000006c   Code   RO         3503    i.USBD_LL_DataOutStage  usbd_core.o
    0x08002448   0x08002448   0x00000004   Code   RO         3504    i.USBD_LL_DevConnected  usbd_core.o
    0x0800244c   0x0800244c   0x00000018   Code   RO         3505    i.USBD_LL_DevDisconnected  usbd_core.o
    0x08002464   0x08002464   0x00000060   Code   RO          603    i.USBD_LL_Init      usbd_conf.o
    0x080024c4   0x080024c4   0x00000020   Code   RO          604    i.USBD_LL_IsStallEP  usbd_conf.o
    0x080024e4   0x080024e4   0x00000020   Code   RO         3506    i.USBD_LL_IsoINIncomplete  usbd_core.o
    0x08002504   0x08002504   0x00000020   Code   RO         3507    i.USBD_LL_IsoOUTIncomplete  usbd_core.o
    0x08002524   0x08002524   0x00000018   Code   RO          605    i.USBD_LL_OpenEP    usbd_conf.o
    0x0800253c   0x0800253c   0x00000012   Code   RO          606    i.USBD_LL_PrepareReceive  usbd_conf.o
    0x0800254e   0x0800254e   0x0000005a   Code   RO         3508    i.USBD_LL_Reset     usbd_core.o
    0x080025a8   0x080025a8   0x00000014   Code   RO         3509    i.USBD_LL_Resume    usbd_core.o
    0x080025bc   0x080025bc   0x00000020   Code   RO         3510    i.USBD_LL_SOF       usbd_core.o
    0x080025dc   0x080025dc   0x00000006   Code   RO         3511    i.USBD_LL_SetSpeed  usbd_core.o
    0x080025e2   0x080025e2   0x00000012   Code   RO          607    i.USBD_LL_SetUSBAddress  usbd_conf.o
    0x080025f4   0x080025f4   0x00000060   Code   RO         3512    i.USBD_LL_SetupStage  usbd_core.o
    0x08002654   0x08002654   0x00000012   Code   RO          608    i.USBD_LL_StallEP   usbd_conf.o
    0x08002666   0x08002666   0x00000012   Code   RO          609    i.USBD_LL_Start     usbd_conf.o
    0x08002678   0x08002678   0x00000012   Code   RO         3513    i.USBD_LL_Suspend   usbd_core.o
    0x0800268a   0x0800268a   0x00000012   Code   RO          611    i.USBD_LL_Transmit  usbd_conf.o
    0x0800269c   0x0800269c   0x0000002c   Code   RO         3641    i.USBD_ParseSetupRequest  usbd_ctlreq.o
    0x080026c8   0x080026c8   0x00000024   Code   RO         3514    i.USBD_RegisterClass  usbd_core.o
    0x080026ec   0x080026ec   0x00000014   Code   RO         3516    i.USBD_SetClassConfig  usbd_core.o
    0x08002700   0x08002700   0x000000bc   Code   RO         3642    i.USBD_SetConfig    usbd_ctlreq.o
    0x080027bc   0x080027bc   0x00000004   Code   RO         3517    i.USBD_Start        usbd_core.o
    0x080027c0   0x080027c0   0x00000114   Code   RO         3643    i.USBD_StdDevReq    usbd_ctlreq.o
    0x080028d4   0x080028d4   0x00000140   Code   RO         3644    i.USBD_StdEPReq     usbd_ctlreq.o
    0x08002a14   0x08002a14   0x00000052   Code   RO         3645    i.USBD_StdItfReq    usbd_ctlreq.o
    0x08002a66   0x08002a66   0x00000002   Code   RO          612    i.USBD_static_free  usbd_conf.o
    0x08002a68   0x08002a68   0x00000008   Code   RO          613    i.USBD_static_malloc  usbd_conf.o
    0x08002a70   0x08002a70   0x00000080   Code   RO         1059    i.USB_ActivateEndpoint  stm32f4xx_ll_usb.o
    0x08002af0   0x08002af0   0x0000001c   Code   RO         1061    i.USB_ActivateSetup  stm32f4xx_ll_usb.o
    0x08002b0c   0x08002b0c   0x00000074   Code   RO         1063    i.USB_CoreInit      stm32f4xx_ll_usb.o
    0x08002b80   0x08002b80   0x00000038   Code   RO         1064    i.USB_CoreReset     stm32f4xx_ll_usb.o
    0x08002bb8   0x08002bb8   0x000000cc   Code   RO         1067    i.USB_DeactivateEndpoint  stm32f4xx_ll_usb.o
    0x08002c84   0x08002c84   0x0000001c   Code   RO         1068    i.USB_DevConnect    stm32f4xx_ll_usb.o
    0x08002ca0   0x08002ca0   0x0000001c   Code   RO         1069    i.USB_DevDisconnect  stm32f4xx_ll_usb.o
    0x08002cbc   0x08002cbc   0x00000174   Code   RO         1070    i.USB_DevInit       stm32f4xx_ll_usb.o
    0x08002e30   0x08002e30   0x0000000c   Code   RO         1071    i.USB_DisableGlobalInt  stm32f4xx_ll_usb.o
    0x08002e3c   0x08002e3c   0x00000118   Code   RO         1074    i.USB_EP0StartXfer  stm32f4xx_ll_usb.o
    0x08002f54   0x08002f54   0x00000058   Code   RO         1075    i.USB_EP0_OutStart  stm32f4xx_ll_usb.o
    0x08002fac   0x08002fac   0x00000058   Code   RO         1076    i.USB_EPClearStall  stm32f4xx_ll_usb.o
    0x08003004   0x08003004   0x00000058   Code   RO         1077    i.USB_EPSetStall    stm32f4xx_ll_usb.o
    0x0800305c   0x0800305c   0x000001e8   Code   RO         1078    i.USB_EPStartXfer   stm32f4xx_ll_usb.o
    0x08003244   0x08003244   0x0000000c   Code   RO         1079    i.USB_EnableGlobalInt  stm32f4xx_ll_usb.o
    0x08003250   0x08003250   0x00000020   Code   RO         1080    i.USB_FlushRxFifo   stm32f4xx_ll_usb.o
    0x08003270   0x08003270   0x00000024   Code   RO         1081    i.USB_FlushTxFifo   stm32f4xx_ll_usb.o
    0x08003294   0x08003294   0x0000001a   Code   RO         1083    i.USB_GetDevSpeed   stm32f4xx_ll_usb.o
    0x080032ae   0x080032ae   0x00000008   Code   RO         1085    i.USB_GetMode       stm32f4xx_ll_usb.o
    0x080032b6   0x080032b6   0x0000000e   Code   RO         1092    i.USB_ReadDevAllInEpInterrupt  stm32f4xx_ll_usb.o
    0x080032c4   0x080032c4   0x0000000e   Code   RO         1093    i.USB_ReadDevAllOutEpInterrupt  stm32f4xx_ll_usb.o
    0x080032d2   0x080032d2   0x00000024   Code   RO         1094    i.USB_ReadDevInEPInterrupt  stm32f4xx_ll_usb.o
    0x080032f6   0x080032f6   0x00000010   Code   RO         1095    i.USB_ReadDevOutEPInterrupt  stm32f4xx_ll_usb.o
    0x08003306   0x08003306   0x00000008   Code   RO         1096    i.USB_ReadInterrupts  stm32f4xx_ll_usb.o
    0x0800330e   0x0800330e   0x0000001c   Code   RO         1097    i.USB_ReadPacket    stm32f4xx_ll_usb.o
    0x0800332a   0x0800332a   0x0000002e   Code   RO         1099    i.USB_SetCurrentMode  stm32f4xx_ll_usb.o
    0x08003358   0x08003358   0x00000022   Code   RO         1100    i.USB_SetDevAddress  stm32f4xx_ll_usb.o
    0x0800337a   0x0800337a   0x00000002   PAD
    0x0800337c   0x0800337c   0x000000e8   Code   RO         1102    i.USB_SetTurnaroundTime  stm32f4xx_ll_usb.o
    0x08003464   0x08003464   0x00000024   Code   RO         1105    i.USB_WritePacket   stm32f4xx_ll_usb.o
    0x08003488   0x08003488   0x00000002   Code   RO          295    i.UsageFault_Handler  stm32f4xx_it.o
    0x0800348a   0x0800348a   0x00000020   Code   RO         2113    i.__NVIC_SetPriority  stm32f4xx_hal_cortex.o
    0x080034aa   0x080034aa   0x0000000e   Code   RO         5213    i.__scatterload_copy  mc_w.l(handlers.o)
    0x080034b8   0x080034b8   0x00000002   Code   RO         5214    i.__scatterload_null  mc_w.l(handlers.o)
    0x080034ba   0x080034ba   0x0000000e   Code   RO         5215    i.__scatterload_zeroinit  mc_w.l(handlers.o)
    0x080034c8   0x080034c8   0x0000004c   Code   RO           19    i.main              main.o
    0x08003514   0x08003514   0x0000000c   Code   RO         4667    i.makeFreeRtosPriority  cmsis_os.o
    0x08003520   0x08003520   0x00000010   Code   RO         4669    i.osDelay           cmsis_os.o
    0x08003530   0x08003530   0x0000000a   Code   RO         4672    i.osKernelStart     cmsis_os.o
    0x0800353a   0x0800353a   0x0000005c   Code   RO         4706    i.osThreadCreate    cmsis_os.o
    0x08003596   0x08003596   0x00000002   PAD
    0x08003598   0x08003598   0x00000078   Code   RO         4338    i.prvAddCurrentTaskToDelayedList  tasks.o
    0x08003610   0x08003610   0x00000088   Code   RO         4339    i.prvAddNewTaskToReadyList  tasks.o
    0x08003698   0x08003698   0x00000040   Code   RO         4340    i.prvCheckTasksWaitingTermination  tasks.o
    0x080036d8   0x080036d8   0x00000040   Code   RO         4341    i.prvDeleteTCB      tasks.o
    0x08003718   0x08003718   0x00000050   Code   RO         5034    i.prvHeapInit       heap_4.o
    0x08003768   0x08003768   0x00000028   Code   RO         4342    i.prvIdleTask       tasks.o
    0x08003790   0x08003790   0x0000007e   Code   RO         4343    i.prvInitialiseNewTask  tasks.o
    0x0800380e   0x0800380e   0x00000002   PAD
    0x08003810   0x08003810   0x00000060   Code   RO         4344    i.prvInitialiseTaskLists  tasks.o
    0x08003870   0x08003870   0x0000005c   Code   RO         5035    i.prvInsertBlockIntoFreeList  heap_4.o
    0x080038cc   0x080038cc   0x00000024   Code   RO         4345    i.prvResetNextTaskUnblockTime  tasks.o
    0x080038f0   0x080038f0   0x00000030   Code   RO         5103    i.prvTaskExitError  port.o
    0x08003920   0x08003920   0x000000e8   Code   RO         5036    i.pvPortMalloc      heap_4.o
    0x08003a08   0x08003a08   0x0000002c   Code   RO         5104    i.pxPortInitialiseStack  port.o
    0x08003a34   0x08003a34   0x00000026   Code   RO         3964    i.uxListRemove      list.o
    0x08003a5a   0x08003a5a   0x00000002   PAD
    0x08003a5c   0x08003a5c   0x00000014   Code   RO          254    i.vApplicationGetIdleTaskMemory  freertos.o
    0x08003a70   0x08003a70   0x00000016   Code   RO         3965    i.vListInitialise   list.o
    0x08003a86   0x08003a86   0x00000006   Code   RO         3966    i.vListInitialiseItem  list.o
    0x08003a8c   0x08003a8c   0x00000036   Code   RO         3967    i.vListInsert       list.o
    0x08003ac2   0x08003ac2   0x00000018   Code   RO         3968    i.vListInsertEnd    list.o
    0x08003ada   0x08003ada   0x00000002   PAD
    0x08003adc   0x08003adc   0x00000040   Code   RO         5106    i.vPortEnterCritical  port.o
    0x08003b1c   0x08003b1c   0x0000002c   Code   RO         5107    i.vPortExitCritical  port.o
    0x08003b48   0x08003b48   0x00000064   Code   RO         5037    i.vPortFree         heap_4.o
    0x08003bac   0x08003bac   0x00000024   Code   RO         5108    i.vPortSetupTimerInterrupt  port.o
    0x08003bd0   0x08003bd0   0x00000050   Code   RO         4354    i.vTaskDelay        tasks.o
    0x08003c20   0x08003c20   0x00000088   Code   RO         4367    i.vTaskStartScheduler  tasks.o
    0x08003ca8   0x08003ca8   0x00000010   Code   RO         4369    i.vTaskSuspendAll   tasks.o
    0x08003cb8   0x08003cb8   0x00000060   Code   RO         4370    i.vTaskSwitchContext  tasks.o
    0x08003d18   0x08003d18   0x00000104   Code   RO         5110    i.xPortStartScheduler  port.o
    0x08003e1c   0x08003e1c   0x0000006c   Code   RO         4373    i.xTaskCreate       tasks.o
    0x08003e88   0x08003e88   0x00000060   Code   RO         4374    i.xTaskCreateStatic  tasks.o
    0x08003ee8   0x08003ee8   0x000000d4   Code   RO         4381    i.xTaskIncrementTick  tasks.o
    0x08003fbc   0x08003fbc   0x000000cc   Code   RO         4387    i.xTaskResumeAll    tasks.o
    0x08004088   0x08004088   0x00000038   Data   RO           20    .constdata          main.o
    0x080040c0   0x080040c0   0x00000010   Data   RO         3463    .constdata          system_stm32f4xx.o
    0x080040d0   0x080040d0   0x00000008   Data   RO         3464    .constdata          system_stm32f4xx.o
    0x080040d8   0x080040d8   0x00000015   Data   RO           21    .conststring        main.o
    0x080040ed   0x080040ed   0x00000003   PAD
    0x080040f0   0x080040f0   0x00000020   Data   RO         5211    Region$$Table       anon$$obj.o


    Execution Region RW_IRAM2 (Exec base: 0x10000000, Load base: 0x08004214, Size: 0x00000000, Max: 0x00010000, ABSOLUTE)

    **** No section assigned to this execution region ****


    Execution Region RW_IRAM1 (Exec base: 0x20000000, Load base: 0x08004110, Size: 0x000052d8, Max: 0x00020000, ABSOLUTE, COMPRESSED[0x00000104])

    Exec Addr    Load Addr    Size         Type   Attr      Idx    E Section Name        Object

    0x20000000   COMPRESSED   0x00000048   Data   RW           22    .data               main.o
    0x20000048   COMPRESSED   0x0000001c   Data   RW          465    .data               usbd_desc.o
    0x20000064   COMPRESSED   0x00000032   Data   RW          466    .data               usbd_desc.o
    0x20000096   COMPRESSED   0x00000002   PAD
    0x20000098   COMPRESSED   0x00000022   Data   RW          545    .data               usbd_custom_hid_if.o
    0x200000ba   COMPRESSED   0x00000002   PAD
    0x200000bc   COMPRESSED   0x00000010   Data   RW          546    .data               usbd_custom_hid_if.o
    0x200000cc   COMPRESSED   0x0000000c   Data   RW         2257    .data               stm32f4xx_hal.o
    0x200000d8   COMPRESSED   0x00000004   Data   RW         3465    .data               system_stm32f4xx.o
    0x200000dc   COMPRESSED   0x00000001   Data   RW         3646    .data               usbd_ctlreq.o
    0x200000dd   COMPRESSED   0x00000003   PAD
    0x200000e0   COMPRESSED   0x00000038   Data   RW         3783    .data               usbd_customhid.o
    0x20000118   COMPRESSED   0x0000009a   Data   RW         3784    .data               usbd_customhid.o
    0x200001b2   COMPRESSED   0x00000002   PAD
    0x200001b4   COMPRESSED   0x0000003c   Data   RW         4390    .data               tasks.o
    0x200001f0   COMPRESSED   0x00000020   Data   RW         5043    .data               heap_4.o
    0x20000210   COMPRESSED   0x0000000c   Data   RW         5111    .data               port.o
    0x2000021c        -       0x00000254   Zero   RW          255    .bss                freertos.o
    0x20000470        -       0x00000048   Zero   RW          385    .bss                stm32f4xx_hal_timebase_tim.o
    0x200004b8        -       0x000002d0   Zero   RW          422    .bss                usb_device.o
    0x20000788        -       0x00000200   Zero   RW          464    .bss                usbd_desc.o
    0x20000988        -       0x00000460   Zero   RW          614    .bss                usbd_conf.o
    0x20000de8        -       0x000000f0   Zero   RW         4389    .bss                tasks.o
    0x20000ed8        -       0x00003c00   Zero   RW         5042    .bss                heap_4.o
    0x20004ad8        -       0x00000800   Zero   RW            1    STACK               startup_stm32f407xx.o


==============================================================================

Image component sizes


      Code (inc. data)   RO Data    RW Data    ZI Data      Debug   Object Name

       130          0          0          0          0      22863   cmsis_os.o
         0          0          0          0          0      16804   event_groups.o
        20          4          0          0        596       1176   freertos.o
       504         32          0         32      15360       7427   heap_4.o
       144          0          0          0          0       3458   list.o
       524         72         77         72          0     730140   main.o
       730         82          0         12          0      10880   port.o
        36          8        392          0       2048        816   startup_stm32f407xx.o
       116         18          0         12          0       8570   stm32f4xx_hal.o
       158         14          0          0          0      33046   stm32f4xx_hal_cortex.o
       502         44          0          0          0       2128   stm32f4xx_hal_gpio.o
        56          4          0          0          0        826   stm32f4xx_hal_msp.o
      2290         14          0          0          0      11845   stm32f4xx_hal_pcd.o
        78          0          0          0          0       2313   stm32f4xx_hal_pcd_ex.o
      1434         88          0          0          0       7213   stm32f4xx_hal_rcc.o
       786         72          0          0          0       7144   stm32f4xx_hal_tim.o
         4          0          0          0          0       1537   stm32f4xx_hal_tim_ex.o
       116         16          0          0         72       1359   stm32f4xx_hal_timebase_tim.o
        40         12          0          0          0       3572   stm32f4xx_it.o
      2582        132          0          0          0      22188   stm32f4xx_ll_usb.o
         0          0          0          0          0        392   stream_buffer.o
        16          4         24          4          0       1067   system_stm32f4xx.o
      1630        142          0         60        240      20241   tasks.o
        84         18          0          0        720        768   usb_device.o
       636         24          0          0       1120      15676   usbd_conf.o
       744          0          0          0          0      12237   usbd_core.o
      1244         30          0          1          0      14088   usbd_ctlreq.o
        24          4          0         50          0       2068   usbd_custom_hid_if.o
       628         32          0        210          0      11775   usbd_customhid.o
       312        128          0         78        512       5993   usbd_desc.o
       132          0          0          0          0       4380   usbd_ioreq.o

    ----------------------------------------------------------------------
     15724        994        528        540      20668     983990   Object Totals
         0          0         32          0          0          0   (incl. Generated)
        24          0          3          9          0          0   (incl. Padding)

    ----------------------------------------------------------------------

      Code (inc. data)   RO Data    RW Data    ZI Data      Debug   Library Member Name

        86          0          0          0          0          0   __dczerorl2.o
         0          0          0          0          0          0   entry.o
         0          0          0          0          0          0   entry10a.o
         0          0          0          0          0          0   entry11a.o
         8          4          0          0          0          0   entry2.o
         4          0          0          0          0          0   entry5.o
         0          0          0          0          0          0   entry7b.o
         0          0          0          0          0          0   entry8b.o
         8          4          0          0          0          0   entry9a.o
        30          0          0          0          0          0   handlers.o
        36          8          0          0          0         68   init.o
        30          0          0          0          0         68   llshl.o
        32          0          0          0          0         68   llushr.o
        36          0          0          0          0         68   memcpya.o
        36          0          0          0          0        108   memseta.o
        98          0          0          0          0         92   uldiv.o

    ----------------------------------------------------------------------
       404         16          0          0          0        472   Library Totals
         0          0          0          0          0          0   (incl. Padding)

    ----------------------------------------------------------------------

      Code (inc. data)   RO Data    RW Data    ZI Data      Debug   Library Name

       404         16          0          0          0        472   mc_w.l

    ----------------------------------------------------------------------
       404         16          0          0          0        472   Library Totals

    ----------------------------------------------------------------------

==============================================================================


      Code (inc. data)   RO Data    RW Data    ZI Data      Debug   

     16128       1010        528        540      20668     964290   Grand Totals
     16128       1010        528        260      20668     964290   ELF Image Totals (compressed)
     16128       1010        528        260          0          0   ROM Totals

==============================================================================

    Total RO  Size (Code + RO Data)                16656 (  16.27kB)
    Total RW  Size (RW Data + ZI Data)             21208 (  20.71kB)
    Total ROM Size (Code + RO Data + RW Data)      16916 (  16.52kB)

==============================================================================

